Archive member included to satisfy reference by file (symbol)

d:/gcc-arm-none-eabi/bin/../lib/gcc/arm-none-eabi/10.3.1/thumb/v7-m/nofp\libgcc.a(_arm_mulsf3.o)
                              CMakeFiles/c6t6-lm5116.elf.dir/Core/Src/data_type_conversion.c.obj (__aeabi_fmul)
d:/gcc-arm-none-eabi/bin/../lib/gcc/arm-none-eabi/10.3.1/thumb/v7-m/nofp\libgcc.a(_arm_addsubdf3.o)
                              CMakeFiles/c6t6-lm5116.elf.dir/Core/Src/printf.c.obj (__aeabi_dadd)
d:/gcc-arm-none-eabi/bin/../lib/gcc/arm-none-eabi/10.3.1/thumb/v7-m/nofp\libgcc.a(_arm_fixdfsi.o)
                              CMakeFiles/c6t6-lm5116.elf.dir/Core/Src/printf.c.obj (__aeabi_d2iz)
d:/gcc-arm-none-eabi/bin/../lib/gcc/arm-none-eabi/10.3.1/thumb/v7-m/nofp\libgcc.a(_arm_addsubsf3.o)
                              CMakeFiles/c6t6-lm5116.elf.dir/Core/Src/filter.c.obj (__aeabi_fadd)
d:/gcc-arm-none-eabi/bin/../lib/gcc/arm-none-eabi/10.3.1/thumb/v7-m/nofp\libgcc.a(_arm_muldivsf3.o)
                              CMakeFiles/c6t6-lm5116.elf.dir/Core/Src/filter.c.obj (__aeabi_fdiv)
d:/gcc-arm-none-eabi/bin/../lib/gcc/arm-none-eabi/10.3.1/thumb/v7-m/nofp\libgcc.a(_arm_cmpsf2.o)
                              CMakeFiles/c6t6-lm5116.elf.dir/Core/Src/data_type_conversion.c.obj (__aeabi_fcmplt)
d:/gcc-arm-none-eabi/bin/../lib/gcc/arm-none-eabi/10.3.1/thumb/v7-m/nofp\libgcc.a(_arm_fixsfsi.o)
                              CMakeFiles/c6t6-lm5116.elf.dir/Core/Src/data_type_conversion.c.obj (__aeabi_f2iz)
d:/gcc-arm-none-eabi/bin/../lib/gcc/arm-none-eabi/10.3.1/../../../../arm-none-eabi/lib/thumb/v7-m/nofp\libg.a(lib_a-errno.o)
                              CMakeFiles/c6t6-lm5116.elf.dir/Core/Src/syscalls.c.obj (__errno)
d:/gcc-arm-none-eabi/bin/../lib/gcc/arm-none-eabi/10.3.1/../../../../arm-none-eabi/lib/thumb/v7-m/nofp\libg.a(lib_a-exit.o)
                              d:/gcc-arm-none-eabi/bin/../lib/gcc/arm-none-eabi/10.3.1/../../../../arm-none-eabi/lib/thumb/v7-m/nofp/crt0.o (exit)
d:/gcc-arm-none-eabi/bin/../lib/gcc/arm-none-eabi/10.3.1/../../../../arm-none-eabi/lib/thumb/v7-m/nofp\libg.a(lib_a-impure.o)
                              d:/gcc-arm-none-eabi/bin/../lib/gcc/arm-none-eabi/10.3.1/../../../../arm-none-eabi/lib/thumb/v7-m/nofp\libg.a(lib_a-exit.o) (_global_impure_ptr)
d:/gcc-arm-none-eabi/bin/../lib/gcc/arm-none-eabi/10.3.1/../../../../arm-none-eabi/lib/thumb/v7-m/nofp\libg.a(lib_a-init.o)
                              d:/gcc-arm-none-eabi/bin/../lib/gcc/arm-none-eabi/10.3.1/../../../../arm-none-eabi/lib/thumb/v7-m/nofp/crt0.o (__libc_init_array)
d:/gcc-arm-none-eabi/bin/../lib/gcc/arm-none-eabi/10.3.1/../../../../arm-none-eabi/lib/thumb/v7-m/nofp\libg.a(lib_a-memset.o)
                              d:/gcc-arm-none-eabi/bin/../lib/gcc/arm-none-eabi/10.3.1/../../../../arm-none-eabi/lib/thumb/v7-m/nofp/crt0.o (memset)
d:/gcc-arm-none-eabi/bin/../lib/gcc/arm-none-eabi/10.3.1/../../../../arm-none-eabi/lib/thumb/v7-m/nofp\libg.a(lib_a-__call_atexit.o)
                              d:/gcc-arm-none-eabi/bin/../lib/gcc/arm-none-eabi/10.3.1/../../../../arm-none-eabi/lib/thumb/v7-m/nofp\libg.a(lib_a-exit.o) (__call_exitprocs)
d:/gcc-arm-none-eabi/bin/../lib/gcc/arm-none-eabi/10.3.1/../../../../arm-none-eabi/lib/thumb/v7-m/nofp\libg.a(lib_a-atexit.o)
                              d:/gcc-arm-none-eabi/bin/../lib/gcc/arm-none-eabi/10.3.1/../../../../arm-none-eabi/lib/thumb/v7-m/nofp\libg.a(lib_a-__call_atexit.o) (atexit)
d:/gcc-arm-none-eabi/bin/../lib/gcc/arm-none-eabi/10.3.1/../../../../arm-none-eabi/lib/thumb/v7-m/nofp\libg.a(lib_a-fini.o)
                              d:/gcc-arm-none-eabi/bin/../lib/gcc/arm-none-eabi/10.3.1/../../../../arm-none-eabi/lib/thumb/v7-m/nofp\libg.a(lib_a-__call_atexit.o) (__libc_fini_array)
d:/gcc-arm-none-eabi/bin/../lib/gcc/arm-none-eabi/10.3.1/../../../../arm-none-eabi/lib/thumb/v7-m/nofp\libg.a(lib_a-lock.o)
                              d:/gcc-arm-none-eabi/bin/../lib/gcc/arm-none-eabi/10.3.1/../../../../arm-none-eabi/lib/thumb/v7-m/nofp\libg.a(lib_a-__call_atexit.o) (__retarget_lock_acquire_recursive)
d:/gcc-arm-none-eabi/bin/../lib/gcc/arm-none-eabi/10.3.1/../../../../arm-none-eabi/lib/thumb/v7-m/nofp\libg.a(lib_a-__atexit.o)
                              d:/gcc-arm-none-eabi/bin/../lib/gcc/arm-none-eabi/10.3.1/../../../../arm-none-eabi/lib/thumb/v7-m/nofp\libg.a(lib_a-atexit.o) (__register_exitproc)
d:/gcc-arm-none-eabi/bin/../lib/gcc/arm-none-eabi/10.3.1/../../../../arm-none-eabi/lib/thumb/v7-m/nofp\libm.a(lib_a-w_pow.o)
                              CMakeFiles/c6t6-lm5116.elf.dir/Core/Src/printf.c.obj (pow)
d:/gcc-arm-none-eabi/bin/../lib/gcc/arm-none-eabi/10.3.1/../../../../arm-none-eabi/lib/thumb/v7-m/nofp\libm.a(lib_a-e_pow.o)
                              d:/gcc-arm-none-eabi/bin/../lib/gcc/arm-none-eabi/10.3.1/../../../../arm-none-eabi/lib/thumb/v7-m/nofp\libm.a(lib_a-w_pow.o) (__ieee754_pow)
[...]
Memory Configuration

Name             Origin             Length             Attributes
RAM              0x20000000         0x00002800         xrw
FLASH            0x08000000         0x00008000         xr
*default*        0x00000000         0xffffffff

Linker script and memory map

LOAD d:/gcc-arm-none-eabi/bin/../lib/gcc/arm-none-eabi/10.3.1/thumb/v7-m/nofp/crti.o
LOAD d:/gcc-arm-none-eabi/bin/../lib/gcc/arm-none-eabi/10.3.1/thumb/v7-m/nofp/crtbegin.o
LOAD d:/gcc-arm-none-eabi/bin/../lib/gcc/arm-none-eabi/10.3.1/../../../../arm-none-eabi/lib/thumb/v7-m/nofp/crt0.o
LOAD CMakeFiles/c6t6-lm5116.elf.dir/Core/Src/adc.c.obj
LOAD CMakeFiles/c6t6-lm5116.elf.dir/Core/Src/control.c.obj
LOAD CMakeFiles/c6t6-lm5116.elf.dir/Core/Src/data_type_conversion.c.obj
LOAD CMakeFiles/c6t6-lm5116.elf.dir/Core/Src/delay.c.obj
LOAD CMakeFiles/c6t6-lm5116.elf.dir/Core/Src/dma.c.obj
LOAD CMakeFiles/c6t6-lm5116.elf.dir/Core/Src/filter.c.obj
LOAD CMakeFiles/c6t6-lm5116.elf.dir/Core/Src/gpio.c.obj
LOAD CMakeFiles/c6t6-lm5116.elf.dir/Core/Src/iic.c.obj
LOAD CMakeFiles/c6t6-lm5116.elf.dir/Core/Src/key.c.obj
LOAD CMakeFiles/c6t6-lm5116.elf.dir/Core/Src/main.c.obj
LOAD CMakeFiles/c6t6-lm5116.elf.dir/Core/Src/mcp41100.c.obj
LOAD CMakeFiles/c6t6-lm5116.elf.dir/Core/Src/oled.c.obj
LOAD CMakeFiles/c6t6-lm5116.elf.dir/Core/Src/printf.c.obj
LOAD CMakeFiles/c6t6-lm5116.elf.dir/Core/Src/spi.c.obj
LOAD CMakeFiles/c6t6-lm5116.elf.dir/Core/Src/stm32f1xx_hal_msp.c.obj
LOAD CMakeFiles/c6t6-lm5116.elf.dir/Core/Src/stm32f1xx_it.c.obj
LOAD CMakeFiles/c6t6-lm5116.elf.dir/Core/Src/syscalls.c.obj
LOAD CMakeFiles/c6t6-lm5116.elf.dir/Core/Src/sysmem.c.obj
LOAD CMakeFiles/c6t6-lm5116.elf.dir/Core/Src/system_stm32f1xx.c.obj
LOAD CMakeFiles/c6t6-lm5116.elf.dir/Core/Src/usart.c.obj
LOAD CMakeFiles/c6t6-lm5116.elf.dir/Core/Startup/startup_stm32f103c6tx.s.obj
LOAD CMakeFiles/c6t6-lm5116.elf.dir/Drivers/STM32F1xx_HAL_Driver/Src/stm32f1xx_hal.c.obj
LOAD CMakeFiles/c6t6-lm5116.elf.dir/Drivers/STM32F1xx_HAL_Driver/Src/stm32f1xx_hal_adc.c.obj
LOAD CMakeFiles/c6t6-lm5116.elf.dir/Drivers/STM32F1xx_HAL_Driver/Src/stm32f1xx_hal_adc_ex.c.obj
LOAD CMakeFiles/c6t6-lm5116.elf.dir/Drivers/STM32F1xx_HAL_Driver/Src/stm32f1xx_hal_cortex.c.obj
LOAD CMakeFiles/c6t6-lm5116.elf.dir/Drivers/STM32F1xx_HAL_Driver/Src/stm32f1xx_hal_dma.c.obj
LOAD CMakeFiles/c6t6-lm5116.elf.dir/Drivers/STM32F1xx_HAL_Driver/Src/stm32f1xx_hal_exti.c.obj
LOAD CMakeFiles/c6t6-lm5116.elf.dir/Drivers/STM32F1xx_HAL_Driver/Src/stm32f1xx_hal_flash.c.obj
LOAD CMakeFiles/c6t6-lm5116.elf.dir/Drivers/STM32F1xx_HAL_Driver/Src/stm32f1xx_hal_flash_ex.c.obj
LOAD CMakeFiles/c6t6-lm5116.elf.dir/Drivers/STM32F1xx_HAL_Driver/Src/stm32f1xx_hal_gpio.c.obj
LOAD CMakeFiles/c6t6-lm5116.elf.dir/Drivers/STM32F1xx_HAL_Driver/Src/stm32f1xx_hal_gpio_ex.c.obj
LOAD CMakeFiles/c6t6-lm5116.elf.dir/Drivers/STM32F1xx_HAL_Driver/Src/stm32f1xx_hal_pwr.c.obj
LOAD CMakeFiles/c6t6-lm5116.elf.dir/Drivers/STM32F1xx_HAL_Driver/Src/stm32f1xx_hal_rcc.c.obj
LOAD CMakeFiles/c6t6-lm5116.elf.dir/Drivers/STM32F1xx_HAL_Driver/Src/stm32f1xx_hal_rcc_ex.c.obj
LOAD CMakeFiles/c6t6-lm5116.elf.dir/Drivers/STM32F1xx_HAL_Driver/Src/stm32f1xx_hal_spi.c.obj
LOAD CMakeFiles/c6t6-lm5116.elf.dir/Drivers/STM32F1xx_HAL_Driver/Src/stm32f1xx_hal_tim.c.obj
LOAD CMakeFiles/c6t6-lm5116.elf.dir/Drivers/STM32F1xx_HAL_Driver/Src/stm32f1xx_hal_tim_ex.c.obj
LOAD CMakeFiles/c6t6-lm5116.elf.dir/Drivers/STM32F1xx_HAL_Driver/Src/stm32f1xx_hal_uart.c.obj
START GROUP
LOAD d:/gcc-arm-none-eabi/bin/../lib/gcc/arm-none-eabi/10.3.1/thumb/v7-m/nofp\libgcc.a
LOAD d:/gcc-arm-none-eabi/bin/../lib/gcc/arm-none-eabi/10.3.1/../../../../arm-none-eabi/lib/thumb/v7-m/nofp\libg.a
LOAD d:/gcc-arm-none-eabi/bin/../lib/gcc/arm-none-eabi/10.3.1/../../../../arm-none-eabi/lib/thumb/v7-m/nofp\libc.a
END GROUP
LOAD d:/gcc-arm-none-eabi/bin/../lib/gcc/arm-none-eabi/10.3.1/thumb/v7-m/nofp/crtend.o
LOAD d:/gcc-arm-none-eabi/bin/../lib/gcc/arm-none-eabi/10.3.1/thumb/v7-m/nofp/crtn.o
                0x20002800                _estack = (ORIGIN (RAM) + LENGTH (RAM))
                0x00000200                _Min_Heap_Size = 0x200
                0x00000400                _Min_Stack_Size = 0x400

.isr_vector     0x08000000      0x10c
                0x08000000                . = ALIGN (0x4)
 *(.isr_vector)
 .isr_vector    0x08000000      0x10c CMakeFiles/c6t6-lm5116.elf.dir/Core/Startup/startup_stm32f103c6tx.s.obj
                0x08000000                g_pfnVectors
                0x0800010c                . = ALIGN (0x4)

.text           0x0800010c     0x2ee8
                0x0800010c                . = ALIGN (0x4)
 *(.text)
 .text          0x0800010c       0x40 d:/gcc-arm-none-eabi/bin/../lib/gcc/arm-none-eabi/10.3.1/thumb/v7-m/nofp/crtbegin.o
 .text          0x0800014c      0x21c d:/gcc-arm-none-eabi/bin/../lib/gcc/arm-none-eabi/10.3.1/thumb/v7-m/nofp\libgcc.a(_arm_addsubsf3.o)
                0x0800014c                __aeabi_frsub
                0x08000154                __subsf3
                0x08000154                __aeabi_fsub
                0x08000158                __aeabi_fadd
                0x08000158                __addsf3
                0x080002b8                __aeabi_ui2f
                0x080002b8                __floatunsisf
                0x080002c0                __aeabi_i2f
                0x080002c0                __floatsisf
                0x080002dc                __aeabi_ul2f
                0x080002dc                __floatundisf
                0x080002ec                __aeabi_l2f
                0x080002ec                __floatdisf
 .text          0x08000368      0x2a0 d:/gcc-arm-none-eabi/bin/../lib/gcc/arm-none-eabi/10.3.1/thumb/v7-m/nofp\libgcc.a(_arm_muldivsf3.o)
                0x08000368                __mulsf3
                0x08000368                __aeabi_fmul
                0x080004d0                __aeabi_fdiv
                0x080004d0                __divsf3
 .text          0x08000608       0xec d:/gcc-arm-none-eabi/bin/../lib/gcc/arm-none-eabi/10.3.1/thumb/v7-m/nofp\libgcc.a(_arm_cmpsf2.o)
                0x08000608                __gesf2
                0x08000608                __gtsf2
                0x08000610                __lesf2
                0x08000610                __ltsf2
                0x08000618                __nesf2
                0x08000618                __eqsf2
                0x08000618                __cmpsf2
                0x08000678                __aeabi_cfrcmple
                0x08000680                __aeabi_cfcmpeq
                0x08000680                __aeabi_cfcmple
                0x08000690                __aeabi_fcmpeq
                0x080006a4                __aeabi_fcmplt
                0x080006b8                __aeabi_fcmple
                0x080006cc                __aeabi_fcmpge
                0x080006e0                __aeabi_fcmpgt
 .text          0x080006f4       0x4c d:/gcc-arm-none-eabi/bin/../lib/gcc/arm-none-eabi/10.3.1/thumb/v7-m/nofp\libgcc.a(_arm_fixsfsi.o)
                0x080006f4                __aeabi_f2iz
                0x080006f4                __fixsfsi
 *(.text*)
 .text.MX_ADC1_Init
                0x08000740       0x5c CMakeFiles/c6t6-lm5116.elf.dir/Core/Src/adc.c.obj
                0x08000740                MX_ADC1_Init
 .text.HAL_ADC_MspInit
                0x0800079c       0xac CMakeFiles/c6t6-lm5116.elf.dir/Core/Src/adc.c.obj
                0x0800079c                HAL_ADC_MspInit
 .text.numTostring
                0x08000848       0xbc CMakeFiles/c6t6-lm5116.elf.dir/Core/Src/data_type_conversion.c.obj
                0x08000848                numTostring
 .text.delayus  0x08000904       0x50 CMakeFiles/c6t6-lm5116.elf.dir/Core/Src/delay.c.obj
                0x08000904                delayus
 .text.MX_DMA_Init
                0x08000954       0x34 CMakeFiles/c6t6-lm5116.elf.dir/Core/Src/dma.c.obj
                0x08000954                MX_DMA_Init
 .text.HAL_ADC_ConvCpltCallback
                0x08000988       0x6c CMakeFiles/c6t6-lm5116.elf.dir/Core/Src/filter.c.obj
                0x08000988                HAL_ADC_ConvCpltCallback
 .text.MX_GPIO_Init
                0x080009f4       0xb8 CMakeFiles/c6t6-lm5116.elf.dir/Core/Src/gpio.c.obj
                0x080009f4                MX_GPIO_Init
 .text.IIC_Start
                0x08000aac       0x4c CMakeFiles/c6t6-lm5116.elf.dir/Core/Src/iic.c.obj
                0x08000aac                IIC_Start
 .text.IIC_Stop
                0x08000af8       0x3c CMakeFiles/c6t6-lm5116.elf.dir/Core/Src/iic.c.obj
                0x08000af8                IIC_Stop
 .text.IIC_Wait_Ask
                0x08000b34       0x5c CMakeFiles/c6t6-lm5116.elf.dir/Core/Src/iic.c.obj
                0x08000b34                IIC_Wait_Ask
 .text.IIC_WriteByte
                0x08000b90       0x6c CMakeFiles/c6t6-lm5116.elf.dir/Core/Src/iic.c.obj
                0x08000b90                IIC_WriteByte
 .text.Enter_Key
                0x08000bfc       0xb4 CMakeFiles/c6t6-lm5116.elf.dir/Core/Src/key.c.obj
                0x08000bfc                Enter_Key
 .text.Error_Handler
                0x08000cb0        0x4 CMakeFiles/c6t6-lm5116.elf.dir/Core/Src/main.c.obj
                0x08000cb0                Error_Handler
 .text.SystemClock_Config
                0x08000cb4       0x80 CMakeFiles/c6t6-lm5116.elf.dir/Core/Src/main.c.obj
                0x08000cb4                SystemClock_Config
 .text.main     0x08000d34       0xd0 CMakeFiles/c6t6-lm5116.elf.dir/Core/Src/main.c.obj
                0x08000d34                main
 .text.MCP41100_Send_Data
                0x08000e04       0x5c CMakeFiles/c6t6-lm5116.elf.dir/Core/Src/mcp41100.c.obj
                0x08000e04                MCP41100_Send_Data
 .text.WriteCmd
                0x08000e60       0x2c CMakeFiles/c6t6-lm5116.elf.dir/Core/Src/oled.c.obj
                0x08000e60                WriteCmd
 .text.WriteDat
                0x08000e8c       0x2c CMakeFiles/c6t6-lm5116.elf.dir/Core/Src/oled.c.obj
                0x08000e8c                WriteDat
 .text.OLED_Init
                0x08000eb8       0xb2 CMakeFiles/c6t6-lm5116.elf.dir/Core/Src/oled.c.obj
                0x08000eb8                OLED_Init
 .text.OLED_SetPos
                0x08000f6a       0x26 CMakeFiles/c6t6-lm5116.elf.dir/Core/Src/oled.c.obj
                0x08000f6a                OLED_SetPos
 .text.OLED_Fill
                0x08000f90       0x3c CMakeFiles/c6t6-lm5116.elf.dir/Core/Src/oled.c.obj
                0x08000f90                OLED_Fill
 .text.OLED_ShowStr
                0x08000fcc       0x7c CMakeFiles/c6t6-lm5116.elf.dir/Core/Src/oled.c.obj
                0x08000fcc                OLED_ShowStr
 .text.OLED_ShowFloat
                0x08001048       0x1e CMakeFiles/c6t6-lm5116.elf.dir/Core/Src/oled.c.obj
                0x08001048                OLED_ShowFloat
 *fill*         0x08001066        0x2 
 .text.OLED_ShowMenu
                0x08001068       0x38 CMakeFiles/c6t6-lm5116.elf.dir/Core/Src/oled.c.obj
                0x08001068                OLED_ShowMenu
 .text.MX_SPI1_Init
                0x080010a0       0x44 CMakeFiles/c6t6-lm5116.elf.dir/Core/Src/spi.c.obj
                0x080010a0                MX_SPI1_Init
 .text.HAL_SPI_MspInit
                0x080010e4       0x74 CMakeFiles/c6t6-lm5116.elf.dir/Core/Src/spi.c.obj
                0x080010e4                HAL_SPI_MspInit
 .text.HAL_MspInit
                0x08001158       0x44 CMakeFiles/c6t6-lm5116.elf.dir/Core/Src/stm32f1xx_hal_msp.c.obj
                0x08001158                HAL_MspInit
 .text.NMI_Handler
                0x0800119c        0x2 CMakeFiles/c6t6-lm5116.elf.dir/Core/Src/stm32f1xx_it.c.obj
                0x0800119c                NMI_Handler
 .text.HardFault_Handler
                0x0800119e        0x2 CMakeFiles/c6t6-lm5116.elf.dir/Core/Src/stm32f1xx_it.c.obj
                0x0800119e                HardFault_Handler
 .text.MemManage_Handler
                0x080011a0        0x2 CMakeFiles/c6t6-lm5116.elf.dir/Core/Src/stm32f1xx_it.c.obj
                0x080011a0                MemManage_Handler
 .text.BusFault_Handler
                0x080011a2        0x2 CMakeFiles/c6t6-lm5116.elf.dir/Core/Src/stm32f1xx_it.c.obj
                0x080011a2                BusFault_Handler
 .text.UsageFault_Handler
                0x080011a4        0x2 CMakeFiles/c6t6-lm5116.elf.dir/Core/Src/stm32f1xx_it.c.obj
                0x080011a4                UsageFault_Handler
 .text.SVC_Handler
                0x080011a6        0x2 CMakeFiles/c6t6-lm5116.elf.dir/Core/Src/stm32f1xx_it.c.obj
                0x080011a6                SVC_Handler
 .text.DebugMon_Handler
                0x080011a8        0x2 CMakeFiles/c6t6-lm5116.elf.dir/Core/Src/stm32f1xx_it.c.obj
                0x080011a8                DebugMon_Handler
 .text.PendSV_Handler
                0x080011aa        0x2 CMakeFiles/c6t6-lm5116.elf.dir/Core/Src/stm32f1xx_it.c.obj
                0x080011aa                PendSV_Handler
 .text.SysTick_Handler
                0x080011ac        0x8 CMakeFiles/c6t6-lm5116.elf.dir/Core/Src/stm32f1xx_it.c.obj
                0x080011ac                SysTick_Handler
 .text.DMA1_Channel1_IRQHandler
                0x080011b4       0x10 CMakeFiles/c6t6-lm5116.elf.dir/Core/Src/stm32f1xx_it.c.obj
                0x080011b4                DMA1_Channel1_IRQHandler
 .text.ADC1_2_IRQHandler
                0x080011c4       0x10 CMakeFiles/c6t6-lm5116.elf.dir/Core/Src/stm32f1xx_it.c.obj
                0x080011c4                ADC1_2_IRQHandler
 .text.SystemInit
                0x080011d4        0x2 CMakeFiles/c6t6-lm5116.elf.dir/Core/Src/system_stm32f1xx.c.obj
                0x080011d4                SystemInit
 *fill*         0x080011d6        0x2 
 .text.MX_USART1_UART_Init
                0x080011d8       0x34 CMakeFiles/c6t6-lm5116.elf.dir/Core/Src/usart.c.obj
                0x080011d8                MX_USART1_UART_Init
 .text.HAL_UART_MspInit
                0x0800120c       0x88 CMakeFiles/c6t6-lm5116.elf.dir/Core/Src/usart.c.obj
                0x0800120c                HAL_UART_MspInit
 .text.Reset_Handler
                0x08001294       0x48 CMakeFiles/c6t6-lm5116.elf.dir/Core/Startup/startup_stm32f103c6tx.s.obj
                0x08001294                Reset_Handler
 .text.Default_Handler
                0x080012dc        0x2 CMakeFiles/c6t6-lm5116.elf.dir/Core/Startup/startup_stm32f103c6tx.s.obj
                0x080012dc                RTC_Alarm_IRQHandler
                0x080012dc                EXTI2_IRQHandler
                0x080012dc                TIM1_CC_IRQHandler
                0x080012dc                PVD_IRQHandler
                0x080012dc                EXTI3_IRQHandler
                0x080012dc                EXTI0_IRQHandler
                0x080012dc                SPI1_IRQHandler
                0x080012dc                TAMPER_IRQHandler
                0x080012dc                DMA1_Channel4_IRQHandler
                0x080012dc                RTC_IRQHandler
                0x080012dc                DMA1_Channel7_IRQHandler
                0x080012dc                CAN1_RX1_IRQHandler
                0x080012dc                I2C1_EV_IRQHandler
                0x080012dc                DMA1_Channel6_IRQHandler
                0x080012dc                TIM3_IRQHandler
                0x080012dc                RCC_IRQHandler
                0x080012dc                TIM1_TRG_COM_IRQHandler
                0x080012dc                Default_Handler
                0x080012dc                EXTI15_10_IRQHandler
                0x080012dc                EXTI9_5_IRQHandler
                0x080012dc                DMA1_Channel5_IRQHandler
                0x080012dc                EXTI4_IRQHandler
                0x080012dc                USB_LP_CAN1_RX0_IRQHandler
                0x080012dc                USB_HP_CAN1_TX_IRQHandler
                0x080012dc                DMA1_Channel3_IRQHandler
                0x080012dc                TIM1_UP_IRQHandler
                0x080012dc                WWDG_IRQHandler
                0x080012dc                TIM2_IRQHandler
                0x080012dc                TIM1_BRK_IRQHandler
                0x080012dc                EXTI1_IRQHandler
                0x080012dc                USART2_IRQHandler
                0x080012dc                DMA1_Channel2_IRQHandler
                0x080012dc                CAN1_SCE_IRQHandler
                0x080012dc                FLASH_IRQHandler
                0x080012dc                USART1_IRQHandler
                0x080012dc                I2C1_ER_IRQHandler
                0x080012dc                USBWakeUp_IRQHandler
 *fill*         0x080012de        0x2 
 .text.HAL_InitTick
                0x080012e0       0x4c CMakeFiles/c6t6-lm5116.elf.dir/Drivers/STM32F1xx_HAL_Driver/Src/stm32f1xx_hal.c.obj
                0x080012e0                HAL_InitTick
 .text.HAL_Init
                0x0800132c       0x24 CMakeFiles/c6t6-lm5116.elf.dir/Drivers/STM32F1xx_HAL_Driver/Src/stm32f1xx_hal.c.obj
                0x0800132c                HAL_Init
 .text.HAL_IncTick
                0x08001350       0x18 CMakeFiles/c6t6-lm5116.elf.dir/Drivers/STM32F1xx_HAL_Driver/Src/stm32f1xx_hal.c.obj
                0x08001350                HAL_IncTick
 .text.HAL_GetTick
                0x08001368        0xc CMakeFiles/c6t6-lm5116.elf.dir/Drivers/STM32F1xx_HAL_Driver/Src/stm32f1xx_hal.c.obj
                0x08001368                HAL_GetTick
 .text.HAL_Delay
                0x08001374       0x28 CMakeFiles/c6t6-lm5116.elf.dir/Drivers/STM32F1xx_HAL_Driver/Src/stm32f1xx_hal.c.obj
                0x08001374                HAL_Delay
 .text.ADC_DMAConvCplt
                0x0800139c       0x52 CMakeFiles/c6t6-lm5116.elf.dir/Drivers/STM32F1xx_HAL_Driver/Src/stm32f1xx_hal_adc.c.obj
                0x0800139c                ADC_DMAConvCplt
 .text.HAL_ADC_ConvHalfCpltCallback
                0x080013ee        0x2 CMakeFiles/c6t6-lm5116.elf.dir/Drivers/STM32F1xx_HAL_Driver/Src/stm32f1xx_hal_adc.c.obj
                0x080013ee                HAL_ADC_ConvHalfCpltCallback
 .text.ADC_DMAHalfConvCplt
                0x080013f0        0xa CMakeFiles/c6t6-lm5116.elf.dir/Drivers/STM32F1xx_HAL_Driver/Src/stm32f1xx_hal_adc.c.obj
                0x080013f0                ADC_DMAHalfConvCplt
 .text.HAL_ADC_LevelOutOfWindowCallback
                0x080013fa        0x2 CMakeFiles/c6t6-lm5116.elf.dir/Drivers/STM32F1xx_HAL_Driver/Src/stm32f1xx_hal_adc.c.obj
                0x080013fa                HAL_ADC_LevelOutOfWindowCallback
 .text.HAL_ADC_IRQHandler
                0x080013fc      0x10c CMakeFiles/c6t6-lm5116.elf.dir/Drivers/STM32F1xx_HAL_Driver/Src/stm32f1xx_hal_adc.c.obj
                0x080013fc                HAL_ADC_IRQHandler
 .text.HAL_ADC_ErrorCallback
                0x08001508        0x2 CMakeFiles/c6t6-lm5116.elf.dir/Drivers/STM32F1xx_HAL_Driver/Src/stm32f1xx_hal_adc.c.obj
                0x08001508                HAL_ADC_ErrorCallback
 .text.ADC_DMAError
                0x0800150a       0x1a CMakeFiles/c6t6-lm5116.elf.dir/Drivers/STM32F1xx_HAL_Driver/Src/stm32f1xx_hal_adc.c.obj
                0x0800150a                ADC_DMAError
 .text.HAL_ADC_ConfigChannel
                0x08001524      0x144 CMakeFiles/c6t6-lm5116.elf.dir/Drivers/STM32F1xx_HAL_Driver/Src/stm32f1xx_hal_adc.c.obj
                0x08001524                HAL_ADC_ConfigChannel
 .text.ADC_Enable
                0x08001668       0x88 CMakeFiles/c6t6-lm5116.elf.dir/Drivers/STM32F1xx_HAL_Driver/Src/stm32f1xx_hal_adc.c.obj
                0x08001668                ADC_Enable
 .text.HAL_ADC_Start_DMA
                0x080016f0      0x130 CMakeFiles/c6t6-lm5116.elf.dir/Drivers/STM32F1xx_HAL_Driver/Src/stm32f1xx_hal_adc.c.obj
                0x080016f0                HAL_ADC_Start_DMA
 .text.ADC_ConversionStop_Disable
                0x08001820       0x56 CMakeFiles/c6t6-lm5116.elf.dir/Drivers/STM32F1xx_HAL_Driver/Src/stm32f1xx_hal_adc.c.obj
                0x08001820                ADC_ConversionStop_Disable
 *fill*         0x08001876        0x2 
 .text.HAL_ADC_Init
                0x08001878      0x108 CMakeFiles/c6t6-lm5116.elf.dir/Drivers/STM32F1xx_HAL_Driver/Src/stm32f1xx_hal_adc.c.obj
                0x08001878                HAL_ADC_Init
 .text.HAL_ADCEx_Calibration_Start
                0x08001980      0x100 CMakeFiles/c6t6-lm5116.elf.dir/Drivers/STM32F1xx_HAL_Driver/Src/stm32f1xx_hal_adc_ex.c.obj
                0x08001980                HAL_ADCEx_Calibration_Start
 .text.HAL_ADCEx_InjectedConvCpltCallback
                0x08001a80        0x2 CMakeFiles/c6t6-lm5116.elf.dir/Drivers/STM32F1xx_HAL_Driver/Src/stm32f1xx_hal_adc_ex.c.obj
                0x08001a80                HAL_ADCEx_InjectedConvCpltCallback
 *fill*         0x08001a82        0x2 
 .text.HAL_NVIC_SetPriorityGrouping
                0x08001a84       0x24 CMakeFiles/c6t6-lm5116.elf.dir/Drivers/STM32F1xx_HAL_Driver/Src/stm32f1xx_hal_cortex.c.obj
                0x08001a84                HAL_NVIC_SetPriorityGrouping
 .text.HAL_NVIC_SetPriority
                0x08001aa8       0x70 CMakeFiles/c6t6-lm5116.elf.dir/Drivers/STM32F1xx_HAL_Driver/Src/stm32f1xx_hal_cortex.c.obj
                0x08001aa8                HAL_NVIC_SetPriority
 .text.HAL_NVIC_EnableIRQ
                0x08001b18       0x1c CMakeFiles/c6t6-lm5116.elf.dir/Drivers/STM32F1xx_HAL_Driver/Src/stm32f1xx_hal_cortex.c.obj
                0x08001b18                HAL_NVIC_EnableIRQ
 .text.HAL_SYSTICK_Config
                0x08001b34       0x28 CMakeFiles/c6t6-lm5116.elf.dir/Drivers/STM32F1xx_HAL_Driver/Src/stm32f1xx_hal_cortex.c.obj
                0x08001b34                HAL_SYSTICK_Config
 .text.DMA_SetConfig
                0x08001b5c       0x2c CMakeFiles/c6t6-lm5116.elf.dir/Drivers/STM32F1xx_HAL_Driver/Src/stm32f1xx_hal_dma.c.obj
 .text.HAL_DMA_Init
                0x08001b88       0x6c CMakeFiles/c6t6-lm5116.elf.dir/Drivers/STM32F1xx_HAL_Driver/Src/stm32f1xx_hal_dma.c.obj
                0x08001b88                HAL_DMA_Init
 .text.HAL_DMA_Start_IT
                0x08001bf4       0x74 CMakeFiles/c6t6-lm5116.elf.dir/Drivers/STM32F1xx_HAL_Driver/Src/stm32f1xx_hal_dma.c.obj
                0x08001bf4                HAL_DMA_Start_IT
 .text.HAL_DMA_IRQHandler
                0x08001c68      0x144 CMakeFiles/c6t6-lm5116.elf.dir/Drivers/STM32F1xx_HAL_Driver/Src/stm32f1xx_hal_dma.c.obj
                0x08001c68                HAL_DMA_IRQHandler
 .text.HAL_GPIO_Init
                0x08001dac      0x220 CMakeFiles/c6t6-lm5116.elf.dir/Drivers/STM32F1xx_HAL_Driver/Src/stm32f1xx_hal_gpio.c.obj
                0x08001dac                HAL_GPIO_Init
 .text.HAL_GPIO_ReadPin
                0x08001fcc        0xe CMakeFiles/c6t6-lm5116.elf.dir/Drivers/STM32F1xx_HAL_Driver/Src/stm32f1xx_hal_gpio.c.obj
                0x08001fcc                HAL_GPIO_ReadPin
 .text.HAL_GPIO_WritePin
                0x08001fda        0xc CMakeFiles/c6t6-lm5116.elf.dir/Drivers/STM32F1xx_HAL_Driver/Src/stm32f1xx_hal_gpio.c.obj
                0x08001fda                HAL_GPIO_WritePin
 *fill*         0x08001fe6        0x2 
 .text.RCC_Delay
                0x08001fe8       0x2c CMakeFiles/c6t6-lm5116.elf.dir/Drivers/STM32F1xx_HAL_Driver/Src/stm32f1xx_hal_rcc.c.obj
 .text.HAL_RCC_OscConfig
                0x08002014      0x410 CMakeFiles/c6t6-lm5116.elf.dir/Drivers/STM32F1xx_HAL_Driver/Src/stm32f1xx_hal_rcc.c.obj
                0x08002014                HAL_RCC_OscConfig
 .text.HAL_RCC_GetSysClockFreq
                0x08002424       0x7c CMakeFiles/c6t6-lm5116.elf.dir/Drivers/STM32F1xx_HAL_Driver/Src/stm32f1xx_hal_rcc.c.obj
                0x08002424                HAL_RCC_GetSysClockFreq
 .text.HAL_RCC_ClockConfig
                0x080024a0      0x16c CMakeFiles/c6t6-lm5116.elf.dir/Drivers/STM32F1xx_HAL_Driver/Src/stm32f1xx_hal_rcc.c.obj
                0x080024a0                HAL_RCC_ClockConfig
 .text.HAL_RCC_GetHCLKFreq
                0x0800260c        0xc CMakeFiles/c6t6-lm5116.elf.dir/Drivers/STM32F1xx_HAL_Driver/Src/stm32f1xx_hal_rcc.c.obj
                0x0800260c                HAL_RCC_GetHCLKFreq
 .text.HAL_RCC_GetPCLK1Freq
                0x08002618       0x20 CMakeFiles/c6t6-lm5116.elf.dir/Drivers/STM32F1xx_HAL_Driver/Src/stm32f1xx_hal_rcc.c.obj
                0x08002618                HAL_RCC_GetPCLK1Freq
 .text.HAL_RCC_GetPCLK2Freq
                0x08002638       0x20 CMakeFiles/c6t6-lm5116.elf.dir/Drivers/STM32F1xx_HAL_Driver/Src/stm32f1xx_hal_rcc.c.obj
                0x08002638                HAL_RCC_GetPCLK2Freq
 .text.HAL_RCCEx_PeriphCLKConfig
                0x08002658      0x118 CMakeFiles/c6t6-lm5116.elf.dir/Drivers/STM32F1xx_HAL_Driver/Src/stm32f1xx_hal_rcc_ex.c.obj
                0x08002658                HAL_RCCEx_PeriphCLKConfig
 .text.HAL_RCCEx_GetPeriphCLKFreq
                0x08002770      0x100 CMakeFiles/c6t6-lm5116.elf.dir/Drivers/STM32F1xx_HAL_Driver/Src/stm32f1xx_hal_rcc_ex.c.obj
                0x08002770                HAL_RCCEx_GetPeriphCLKFreq
 .text.SPI_WaitFlagStateUntilTimeout
                0x08002870       0xd4 CMakeFiles/c6t6-lm5116.elf.dir/Drivers/STM32F1xx_HAL_Driver/Src/stm32f1xx_hal_spi.c.obj
 .text.SPI_EndRxTxTransaction
                0x08002944       0x24 CMakeFiles/c6t6-lm5116.elf.dir/Drivers/STM32F1xx_HAL_Driver/Src/stm32f1xx_hal_spi.c.obj
 .text.HAL_SPI_Init
                0x08002968       0xb6 CMakeFiles/c6t6-lm5116.elf.dir/Drivers/STM32F1xx_HAL_Driver/Src/stm32f1xx_hal_spi.c.obj
                0x08002968                HAL_SPI_Init
 .text.HAL_SPI_Transmit
                0x08002a1e      0x1b8 CMakeFiles/c6t6-lm5116.elf.dir/Drivers/STM32F1xx_HAL_Driver/Src/stm32f1xx_hal_spi.c.obj
                0x08002a1e                HAL_SPI_Transmit
 *fill*         0x08002bd6        0x2 
 .text.UART_SetConfig
                0x08002bd8       0x94 CMakeFiles/c6t6-lm5116.elf.dir/Drivers/STM32F1xx_HAL_Driver/Src/stm32f1xx_hal_uart.c.obj
 .text.UART_WaitOnFlagUntilTimeout
                0x08002c6c       0x6c CMakeFiles/c6t6-lm5116.elf.dir/Drivers/STM32F1xx_HAL_Driver/Src/stm32f1xx_hal_uart.c.obj
 .text.HAL_UART_Init
                0x08002cd8       0x5e CMakeFiles/c6t6-lm5116.elf.dir/Drivers/STM32F1xx_HAL_Driver/Src/stm32f1xx_hal_uart.c.obj
                0x08002cd8                HAL_UART_Init
 .text.HAL_UART_Transmit
                0x08002d36       0xd8 CMakeFiles/c6t6-lm5116.elf.dir/Drivers/STM32F1xx_HAL_Driver/Src/stm32f1xx_hal_uart.c.obj
                0x08002d36                HAL_UART_Transmit
 *fill*         0x08002e0e        0x2 
 .text.__libc_init_array
                0x08002e10       0x48 d:/gcc-arm-none-eabi/bin/../lib/gcc/arm-none-eabi/10.3.1/../../../../arm-none-eabi/lib/thumb/v7-m/nofp\libg.a(lib_a-init.o)
                0x08002e10                __libc_init_array
 .text.memset   0x08002e58       0xa4 d:/gcc-arm-none-eabi/bin/../lib/gcc/arm-none-eabi/10.3.1/../../../../arm-none-eabi/lib/thumb/v7-m/nofp\libg.a(lib_a-memset.o)
                0x08002e58                memset
 .text.startup.register_fini
                0x08002efc       0x14 d:/gcc-arm-none-eabi/bin/../lib/gcc/arm-none-eabi/10.3.1/../../../../arm-none-eabi/lib/thumb/v7-m/nofp\libg.a(lib_a-__call_atexit.o)
 .text.atexit   0x08002f10        0xc d:/gcc-arm-none-eabi/bin/../lib/gcc/arm-none-eabi/10.3.1/../../../../arm-none-eabi/lib/thumb/v7-m/nofp\libg.a(lib_a-atexit.o)
                0x08002f10                atexit
 .text.__libc_fini_array
                0x08002f1c       0x2c d:/gcc-arm-none-eabi/bin/../lib/gcc/arm-none-eabi/10.3.1/../../../../arm-none-eabi/lib/thumb/v7-m/nofp\libg.a(lib_a-fini.o)
                0x08002f1c                __libc_fini_array
 .text.__retarget_lock_acquire_recursive
                0x08002f48        0x4 d:/gcc-arm-none-eabi/bin/../lib/gcc/arm-none-eabi/10.3.1/../../../../arm-none-eabi/lib/thumb/v7-m/nofp\libg.a(lib_a-lock.o)
                0x08002f48                __retarget_lock_acquire_recursive
 .text.__retarget_lock_release_recursive
                0x08002f4c        0x4 d:/gcc-arm-none-eabi/bin/../lib/gcc/arm-none-eabi/10.3.1/../../../../arm-none-eabi/lib/thumb/v7-m/nofp\libg.a(lib_a-lock.o)
                0x08002f4c                __retarget_lock_release_recursive
 .text.__register_exitproc
                0x08002f50       0x8c d:/gcc-arm-none-eabi/bin/../lib/gcc/arm-none-eabi/10.3.1/../../../../arm-none-eabi/lib/thumb/v7-m/nofp\libg.a(lib_a-__atexit.o)
                0x08002f50                __register_exitproc
 *(.glue_7)
 .glue_7        0x08002fdc        0x0 linker stubs
 *(.glue_7t)
 .glue_7t       0x08002fdc        0x0 linker stubs
 *(.eh_frame)
 .eh_frame      0x08002fdc        0x0 d:/gcc-arm-none-eabi/bin/../lib/gcc/arm-none-eabi/10.3.1/thumb/v7-m/nofp/crtbegin.o
 *(.init)
 .init          0x08002fdc        0x4 d:/gcc-arm-none-eabi/bin/../lib/gcc/arm-none-eabi/10.3.1/thumb/v7-m/nofp/crti.o
                0x08002fdc                _init
 .init          0x08002fe0        0x8 d:/gcc-arm-none-eabi/bin/../lib/gcc/arm-none-eabi/10.3.1/thumb/v7-m/nofp/crtn.o
 *(.fini)
 .fini          0x08002fe8        0x4 d:/gcc-arm-none-eabi/bin/../lib/gcc/arm-none-eabi/10.3.1/thumb/v7-m/nofp/crti.o
                0x08002fe8                _fini
 .fini          0x08002fec        0x8 d:/gcc-arm-none-eabi/bin/../lib/gcc/arm-none-eabi/10.3.1/thumb/v7-m/nofp/crtn.o
                0x08002ff4                . = ALIGN (0x4)
                0x08002ff4                _etext = .

.vfp11_veneer   0x08002ff4        0x0
 .vfp11_veneer  0x08002ff4        0x0 linker stubs

.v4_bx          0x08002ff4        0x0
 .v4_bx         0x08002ff4        0x0 linker stubs

.iplt           0x08002ff4        0x0
 .iplt          0x08002ff4        0x0 d:/gcc-arm-none-eabi/bin/../lib/gcc/arm-none-eabi/10.3.1/thumb/v7-m/nofp/crtbegin.o

.rodata         0x08002ff4      0x63c
                0x08002ff4                . = ALIGN (0x4)
 *(.rodata)
 *(.rodata*)
 .rodata.main.str1.4
                0x08002ff4        0x8 CMakeFiles/c6t6-lm5116.elf.dir/Core/Src/main.c.obj
 .rodata.OLED_ShowMenu.str1.4
                0x08002ffc       0x13 CMakeFiles/c6t6-lm5116.elf.dir/Core/Src/oled.c.obj
 *fill*         0x0800300f        0x1 
 .rodata.F8X16  0x08003010      0x5f0 CMakeFiles/c6t6-lm5116.elf.dir/Core/Src/oled.c.obj
                0x08003010                F8X16
 .rodata.AHBPrescTable
                0x08003600       0x10 CMakeFiles/c6t6-lm5116.elf.dir/Core/Src/system_stm32f1xx.c.obj
                0x08003600                AHBPrescTable
 .rodata.APBPrescTable
                0x08003610        0x8 CMakeFiles/c6t6-lm5116.elf.dir/Core/Src/system_stm32f1xx.c.obj
                0x08003610                APBPrescTable
 .rodata.HAL_RCC_GetSysClockFreq.str1.4
                0x08003618       0x11 CMakeFiles/c6t6-lm5116.elf.dir/Drivers/STM32F1xx_HAL_Driver/Src/stm32f1xx_hal_rcc.c.obj
 .rodata.HAL_RCCEx_GetPeriphCLKFreq.str1.4
                0x08003629       0x11 CMakeFiles/c6t6-lm5116.elf.dir/Drivers/STM32F1xx_HAL_Driver/Src/stm32f1xx_hal_rcc_ex.c.obj
 *fill*         0x08003629        0x3 
 .rodata._global_impure_ptr
                0x0800362c        0x4 d:/gcc-arm-none-eabi/bin/../lib/gcc/arm-none-eabi/10.3.1/../../../../arm-none-eabi/lib/thumb/v7-m/nofp\libg.a(lib_a-impure.o)
                0x0800362c                _global_impure_ptr
                0x08003630                . = ALIGN (0x4)

.rel.dyn        0x08003630        0x0
 .rel.iplt      0x08003630        0x0 d:/gcc-arm-none-eabi/bin/../lib/gcc/arm-none-eabi/10.3.1/thumb/v7-m/nofp/crtbegin.o

.ARM.extab      0x08003630        0x0
                0x08003630                . = ALIGN (0x4)
 *(.ARM.extab* .gnu.linkonce.armextab.*)
                0x08003630                . = ALIGN (0x4)

.ARM            0x08003630        0x0
                0x08003630                . = ALIGN (0x4)
                0x08003630                __exidx_start = .
 *(.ARM.exidx*)
                0x08003630                __exidx_end = .
                0x08003630                . = ALIGN (0x4)

.preinit_array  0x08003630        0x0
                0x08003630                . = ALIGN (0x4)
                0x08003630                PROVIDE (__preinit_array_start = .)
 *(.preinit_array*)
                0x08003630                PROVIDE (__preinit_array_end = .)
                0x08003630                . = ALIGN (0x4)

.init_array     0x08003630        0x8
                0x08003630                . = ALIGN (0x4)
                0x08003630                PROVIDE (__init_array_start = .)
 *(SORT_BY_NAME(.init_array.*))
 .init_array.00000
                0x08003630        0x4 d:/gcc-arm-none-eabi/bin/../lib/gcc/arm-none-eabi/10.3.1/../../../../arm-none-eabi/lib/thumb/v7-m/nofp\libg.a(lib_a-__call_atexit.o)
 *(.init_array*)
 .init_array    0x08003634        0x4 d:/gcc-arm-none-eabi/bin/../lib/gcc/arm-none-eabi/10.3.1/thumb/v7-m/nofp/crtbegin.o
                0x08003638                PROVIDE (__init_array_end = .)
                0x08003638                . = ALIGN (0x4)

.fini_array     0x08003638        0x4
                0x08003638                . = ALIGN (0x4)
                0x08003638                PROVIDE (__fini_array_start = .)
 *(SORT_BY_NAME(.fini_array.*))
 *(.fini_array*)
 .fini_array    0x08003638        0x4 d:/gcc-arm-none-eabi/bin/../lib/gcc/arm-none-eabi/10.3.1/thumb/v7-m/nofp/crtbegin.o
                0x0800363c                PROVIDE (__fini_array_end = .)
                0x0800363c                . = ALIGN (0x4)
                0x0800363c                _sidata = LOADADDR (.data)

.data           0x20000000      0x43c load address 0x0800363c
                0x20000000                . = ALIGN (0x4)
                0x20000000                _sdata = .
 *(.data)
 *(.data*)
 .data.SystemCoreClock
                0x20000000        0x4 CMakeFiles/c6t6-lm5116.elf.dir/Core/Src/system_stm32f1xx.c.obj
                0x20000000                SystemCoreClock
 .data.uwTickFreq
                0x20000004        0x1 CMakeFiles/c6t6-lm5116.elf.dir/Drivers/STM32F1xx_HAL_Driver/Src/stm32f1xx_hal.c.obj
                0x20000004                uwTickFreq
 *fill*         0x20000005        0x3 
 .data.uwTickPrio
                0x20000008        0x4 CMakeFiles/c6t6-lm5116.elf.dir/Drivers/STM32F1xx_HAL_Driver/Src/stm32f1xx_hal.c.obj
                0x20000008                uwTickPrio
 *fill*         0x2000000c        0x4 
 .data.impure_data
                0x20000010      0x428 d:/gcc-arm-none-eabi/bin/../lib/gcc/arm-none-eabi/10.3.1/../../../../arm-none-eabi/lib/thumb/v7-m/nofp\libg.a(lib_a-impure.o)
 .data.__atexit_recursive_mutex
                0x20000438        0x4 d:/gcc-arm-none-eabi/bin/../lib/gcc/arm-none-eabi/10.3.1/../../../../arm-none-eabi/lib/thumb/v7-m/nofp\libg.a(lib_a-__call_atexit.o)
                0x20000438                __atexit_recursive_mutex
 *(.RamFunc)
 *(.RamFunc*)
                0x2000043c                . = ALIGN (0x4)
                0x2000043c                _edata = .

.igot.plt       0x2000043c        0x0 load address 0x08003a78
 .igot.plt      0x2000043c        0x0 d:/gcc-arm-none-eabi/bin/../lib/gcc/arm-none-eabi/10.3.1/thumb/v7-m/nofp/crtbegin.o
                0x2000043c                . = ALIGN (0x4)

.bss            0x2000043c      0x198 load address 0x08003a78
                0x2000043c                _sbss = .
                0x2000043c                __bss_start__ = _sbss
 *(.bss)
 .bss           0x2000043c       0x1c d:/gcc-arm-none-eabi/bin/../lib/gcc/arm-none-eabi/10.3.1/thumb/v7-m/nofp/crtbegin.o
 *(.bss*)
 .bss.hadc1     0x20000458       0x30 CMakeFiles/c6t6-lm5116.elf.dir/Core/Src/adc.c.obj
                0x20000458                hadc1
 .bss.hdma_adc1
                0x20000488       0x44 CMakeFiles/c6t6-lm5116.elf.dir/Core/Src/adc.c.obj
                0x20000488                hdma_adc1
 .bss.delay_us_factor
                0x200004cc        0x4 CMakeFiles/c6t6-lm5116.elf.dir/Core/Src/delay.c.obj
 .bss.adc_value
                0x200004d0       0x50 CMakeFiles/c6t6-lm5116.elf.dir/Core/Src/filter.c.obj
                0x200004d0                adc_value
 .bss.avgerage_voltage
                0x20000520        0x4 CMakeFiles/c6t6-lm5116.elf.dir/Core/Src/filter.c.obj
                0x20000520                avgerage_voltage
 .bss.flag      0x20000524        0x1 CMakeFiles/c6t6-lm5116.elf.dir/Core/Src/filter.c.obj
                0x20000524                flag
 *fill*         0x20000525        0x3 
 .bss.last_voltage
                0x20000528        0x4 CMakeFiles/c6t6-lm5116.elf.dir/Core/Src/filter.c.obj
                0x20000528                last_voltage
 .bss.data      0x2000052c        0x1 CMakeFiles/c6t6-lm5116.elf.dir/Core/Src/mcp41100.c.obj
                0x2000052c                data
 *fill*         0x2000052d        0x3 
 .bss.hspi1     0x20000530       0x58 CMakeFiles/c6t6-lm5116.elf.dir/Core/Src/spi.c.obj
                0x20000530                hspi1
 .bss.huart1    0x20000588       0x44 CMakeFiles/c6t6-lm5116.elf.dir/Core/Src/usart.c.obj
                0x20000588                huart1
 .bss.uwTick    0x200005cc        0x4 CMakeFiles/c6t6-lm5116.elf.dir/Drivers/STM32F1xx_HAL_Driver/Src/stm32f1xx_hal.c.obj
                0x200005cc                uwTick
 .bss.__lock___atexit_recursive_mutex
                0x200005d0        0x1 d:/gcc-arm-none-eabi/bin/../lib/gcc/arm-none-eabi/10.3.1/../../../../arm-none-eabi/lib/thumb/v7-m/nofp\libg.a(lib_a-lock.o)
                0x200005d0                __lock___atexit_recursive_mutex
 *(COMMON)
                0x200005d4                . = ALIGN (0x4)
 *fill*         0x200005d1        0x3 
                0x200005d4                _ebss = .
                0x200005d4                __bss_end__ = _ebss

._user_heap_stack
                0x200005d4      0x604 load address 0x08003a78
                0x200005d8                . = ALIGN (0x8)
 *fill*         0x200005d4        0x4 
                [!provide]                PROVIDE (end = .)
                0x200005d8                PROVIDE (_end = .)
                0x200007d8                . = (. + _Min_Heap_Size)
 *fill*         0x200005d8      0x200 
                0x20000bd8                . = (. + _Min_Stack_Size)
 *fill*         0x200007d8      0x400 
                0x20000bd8                . = ALIGN (0x8)

/DISCARD/
 libc.a(*)
 libm.a(*)
 libgcc.a(*)

.ARM.attributes
                0x00000000       0x29
 *(.ARM.attributes)
 .ARM.attributes
                0x00000000       0x1d d:/gcc-arm-none-eabi/bin/../lib/gcc/arm-none-eabi/10.3.1/thumb/v7-m/nofp/crti.o
 .ARM.attributes
                0x0000001d       0x2d d:/gcc-arm-none-eabi/bin/../lib/gcc/arm-none-eabi/10.3.1/thumb/v7-m/nofp/crtbegin.o
 .ARM.attributes
                0x0000004a       0x2d CMakeFiles/c6t6-lm5116.elf.dir/Core/Src/adc.c.obj
 .ARM.attributes
                0x00000077       0x2d CMakeFiles/c6t6-lm5116.elf.dir/Core/Src/data_type_conversion.c.obj
 .ARM.attributes
                0x000000a4       0x2d CMakeFiles/c6t6-lm5116.elf.dir/Core/Src/delay.c.obj
 .ARM.attributes
                0x000000d1       0x2d CMakeFiles/c6t6-lm5116.elf.dir/Core/Src/dma.c.obj
 .ARM.attributes
                0x000000fe       0x2d CMakeFiles/c6t6-lm5116.elf.dir/Core/Src/filter.c.obj
 .ARM.attributes
                0x0000012b       0x2d CMakeFiles/c6t6-lm5116.elf.dir/Core/Src/gpio.c.obj
 .ARM.attributes
                0x00000158       0x2d CMakeFiles/c6t6-lm5116.elf.dir/Core/Src/iic.c.obj
 .ARM.attributes
                0x00000185       0x2d CMakeFiles/c6t6-lm5116.elf.dir/Core/Src/key.c.obj
 .ARM.attributes
                0x000001b2       0x2d CMakeFiles/c6t6-lm5116.elf.dir/Core/Src/main.c.obj
 .ARM.attributes
                0x000001df       0x2d CMakeFiles/c6t6-lm5116.elf.dir/Core/Src/mcp41100.c.obj
 .ARM.attributes
                0x0000020c       0x2d CMakeFiles/c6t6-lm5116.elf.dir/Core/Src/oled.c.obj
 .ARM.attributes
                0x00000239       0x2d CMakeFiles/c6t6-lm5116.elf.dir/Core/Src/spi.c.obj
 .ARM.attributes
                0x00000266       0x2d CMakeFiles/c6t6-lm5116.elf.dir/Core/Src/stm32f1xx_hal_msp.c.obj
 .ARM.attributes
                0x00000293       0x2d CMakeFiles/c6t6-lm5116.elf.dir/Core/Src/stm32f1xx_it.c.obj
 .ARM.attributes
                0x000002c0       0x2d CMakeFiles/c6t6-lm5116.elf.dir/Core/Src/system_stm32f1xx.c.obj
 .ARM.attributes
                0x000002ed       0x2d CMakeFiles/c6t6-lm5116.elf.dir/Core/Src/usart.c.obj
 .ARM.attributes
                0x0000031a       0x21 CMakeFiles/c6t6-lm5116.elf.dir/Core/Startup/startup_stm32f103c6tx.s.obj
 .ARM.attributes
                0x0000033b       0x2d CMakeFiles/c6t6-lm5116.elf.dir/Drivers/STM32F1xx_HAL_Driver/Src/stm32f1xx_hal.c.obj
 .ARM.attributes
                0x00000368       0x2d CMakeFiles/c6t6-lm5116.elf.dir/Drivers/STM32F1xx_HAL_Driver/Src/stm32f1xx_hal_adc.c.obj
 .ARM.attributes
                0x00000395       0x2d CMakeFiles/c6t6-lm5116.elf.dir/Drivers/STM32F1xx_HAL_Driver/Src/stm32f1xx_hal_adc_ex.c.obj
 .ARM.attributes
                0x000003c2       0x2d CMakeFiles/c6t6-lm5116.elf.dir/Drivers/STM32F1xx_HAL_Driver/Src/stm32f1xx_hal_cortex.c.obj
 .ARM.attributes
                0x000003ef       0x2d CMakeFiles/c6t6-lm5116.elf.dir/Drivers/STM32F1xx_HAL_Driver/Src/stm32f1xx_hal_dma.c.obj
 .ARM.attributes
                0x0000041c       0x2d CMakeFiles/c6t6-lm5116.elf.dir/Drivers/STM32F1xx_HAL_Driver/Src/stm32f1xx_hal_gpio.c.obj
 .ARM.attributes
                0x00000449       0x2d CMakeFiles/c6t6-lm5116.elf.dir/Drivers/STM32F1xx_HAL_Driver/Src/stm32f1xx_hal_rcc.c.obj
 .ARM.attributes
                0x00000476       0x2d CMakeFiles/c6t6-lm5116.elf.dir/Drivers/STM32F1xx_HAL_Driver/Src/stm32f1xx_hal_rcc_ex.c.obj
 .ARM.attributes
                0x000004a3       0x2d CMakeFiles/c6t6-lm5116.elf.dir/Drivers/STM32F1xx_HAL_Driver/Src/stm32f1xx_hal_spi.c.obj
 .ARM.attributes
                0x000004d0       0x2d CMakeFiles/c6t6-lm5116.elf.dir/Drivers/STM32F1xx_HAL_Driver/Src/stm32f1xx_hal_uart.c.obj
 .ARM.attributes
                0x000004fd       0x1d d:/gcc-arm-none-eabi/bin/../lib/gcc/arm-none-eabi/10.3.1/thumb/v7-m/nofp\libgcc.a(_arm_addsubsf3.o)
 .ARM.attributes
                0x0000051a       0x1d d:/gcc-arm-none-eabi/bin/../lib/gcc/arm-none-eabi/10.3.1/thumb/v7-m/nofp\libgcc.a(_arm_muldivsf3.o)
 .ARM.attributes
                0x00000537       0x1d d:/gcc-arm-none-eabi/bin/../lib/gcc/arm-none-eabi/10.3.1/thumb/v7-m/nofp\libgcc.a(_arm_cmpsf2.o)
 .ARM.attributes
                0x00000554       0x1d d:/gcc-arm-none-eabi/bin/../lib/gcc/arm-none-eabi/10.3.1/thumb/v7-m/nofp\libgcc.a(_arm_fixsfsi.o)
 .ARM.attributes
                0x00000571       0x2d d:/gcc-arm-none-eabi/bin/../lib/gcc/arm-none-eabi/10.3.1/../../../../arm-none-eabi/lib/thumb/v7-m/nofp\libg.a(lib_a-impure.o)
 .ARM.attributes
                0x0000059e       0x2d d:/gcc-arm-none-eabi/bin/../lib/gcc/arm-none-eabi/10.3.1/../../../../arm-none-eabi/lib/thumb/v7-m/nofp\libg.a(lib_a-init.o)
 .ARM.attributes
                0x000005cb       0x2d d:/gcc-arm-none-eabi/bin/../lib/gcc/arm-none-eabi/10.3.1/../../../../arm-none-eabi/lib/thumb/v7-m/nofp\libg.a(lib_a-memset.o)
 .ARM.attributes
                0x000005f8       0x2d d:/gcc-arm-none-eabi/bin/../lib/gcc/arm-none-eabi/10.3.1/../../../../arm-none-eabi/lib/thumb/v7-m/nofp\libg.a(lib_a-__call_atexit.o)
 .ARM.attributes
                0x00000625       0x2d d:/gcc-arm-none-eabi/bin/../lib/gcc/arm-none-eabi/10.3.1/../../../../arm-none-eabi/lib/thumb/v7-m/nofp\libg.a(lib_a-atexit.o)
 .ARM.attributes
                0x00000652       0x2d d:/gcc-arm-none-eabi/bin/../lib/gcc/arm-none-eabi/10.3.1/../../../../arm-none-eabi/lib/thumb/v7-m/nofp\libg.a(lib_a-fini.o)
 .ARM.attributes
                0x0000067f       0x2d d:/gcc-arm-none-eabi/bin/../lib/gcc/arm-none-eabi/10.3.1/../../../../arm-none-eabi/lib/thumb/v7-m/nofp\libg.a(lib_a-lock.o)
 .ARM.attributes
                0x000006ac       0x2d d:/gcc-arm-none-eabi/bin/../lib/gcc/arm-none-eabi/10.3.1/../../../../arm-none-eabi/lib/thumb/v7-m/nofp\libg.a(lib_a-__atexit.o)
 .ARM.attributes
                0x000006d9       0x1d d:/gcc-arm-none-eabi/bin/../lib/gcc/arm-none-eabi/10.3.1/thumb/v7-m/nofp/crtn.o
OUTPUT(c6t6-lm5116.elf elf32-littlearm)
LOAD linker stubs
LOAD d:/gcc-arm-none-eabi/bin/../lib/gcc/arm-none-eabi/10.3.1/../../../../arm-none-eabi/lib/thumb/v7-m/nofp\libc.a
LOAD d:/gcc-arm-none-eabi/bin/../lib/gcc/arm-none-eabi/10.3.1/../../../../arm-none-eabi/lib/thumb/v7-m/nofp\libm.a
LOAD d:/gcc-arm-none-eabi/bin/../lib/gcc/arm-none-eabi/10.3.1/thumb/v7-m/nofp\libgcc.a

.debug_info     0x00000000     0xe19b
 .debug_info    0x00000000      0xa47 CMakeFiles/c6t6-lm5116.elf.dir/Core/Src/adc.c.obj
 .debug_info    0x00000a47      0x11c CMakeFiles/c6t6-lm5116.elf.dir/Core/Src/data_type_conversion.c.obj
 .debug_info    0x00000b63      0x18e CMakeFiles/c6t6-lm5116.elf.dir/Core/Src/delay.c.obj
 .debug_info    0x00000cf1      0x2d6 CMakeFiles/c6t6-lm5116.elf.dir/Core/Src/dma.c.obj
 .debug_info    0x00000fc7      0x6e0 CMakeFiles/c6t6-lm5116.elf.dir/Core/Src/filter.c.obj
 .debug_info    0x000016a7      0x34b CMakeFiles/c6t6-lm5116.elf.dir/Core/Src/gpio.c.obj
 .debug_info    0x000019f2      0x5d3 CMakeFiles/c6t6-lm5116.elf.dir/Core/Src/iic.c.obj
 .debug_info    0x00001fc5      0x321 CMakeFiles/c6t6-lm5116.elf.dir/Core/Src/key.c.obj
 .debug_info    0x000022e6      0xc78 CMakeFiles/c6t6-lm5116.elf.dir/Core/Src/main.c.obj
 .debug_info    0x00002f5e      0x744 CMakeFiles/c6t6-lm5116.elf.dir/Core/Src/mcp41100.c.obj
 .debug_info    0x000036a2      0x7de CMakeFiles/c6t6-lm5116.elf.dir/Core/Src/oled.c.obj
 .debug_info    0x00003e80      0x86e CMakeFiles/c6t6-lm5116.elf.dir/Core/Src/spi.c.obj
 .debug_info    0x000046ee      0x211 CMakeFiles/c6t6-lm5116.elf.dir/Core/Src/stm32f1xx_hal_msp.c.obj
 .debug_info    0x000048ff      0x60d CMakeFiles/c6t6-lm5116.elf.dir/Core/Src/stm32f1xx_it.c.obj
 .debug_info    0x00004f0c      0x248 CMakeFiles/c6t6-lm5116.elf.dir/Core/Src/system_stm32f1xx.c.obj
 .debug_info    0x00005154      0x8bb CMakeFiles/c6t6-lm5116.elf.dir/Core/Src/usart.c.obj
 .debug_info    0x00005a0f       0x22 CMakeFiles/c6t6-lm5116.elf.dir/Core/Startup/startup_stm32f103c6tx.s.obj
 .debug_info    0x00005a31      0x78a CMakeFiles/c6t6-lm5116.elf.dir/Drivers/STM32F1xx_HAL_Driver/Src/stm32f1xx_hal.c.obj
 .debug_info    0x000061bb      0xf10 CMakeFiles/c6t6-lm5116.elf.dir/Drivers/STM32F1xx_HAL_Driver/Src/stm32f1xx_hal_adc.c.obj
 .debug_info    0x000070cb      0xc3b CMakeFiles/c6t6-lm5116.elf.dir/Drivers/STM32F1xx_HAL_Driver/Src/stm32f1xx_hal_adc_ex.c.obj
 .debug_info    0x00007d06      0xd6c CMakeFiles/c6t6-lm5116.elf.dir/Drivers/STM32F1xx_HAL_Driver/Src/stm32f1xx_hal_cortex.c.obj
 .debug_info    0x00008a72      0x846 CMakeFiles/c6t6-lm5116.elf.dir/Drivers/STM32F1xx_HAL_Driver/Src/stm32f1xx_hal_dma.c.obj
 .debug_info    0x000092b8      0x66f CMakeFiles/c6t6-lm5116.elf.dir/Drivers/STM32F1xx_HAL_Driver/Src/stm32f1xx_hal_gpio.c.obj
 .debug_info    0x00009927      0xa36 CMakeFiles/c6t6-lm5116.elf.dir/Drivers/STM32F1xx_HAL_Driver/Src/stm32f1xx_hal_rcc.c.obj
 .debug_info    0x0000a35d      0x443 CMakeFiles/c6t6-lm5116.elf.dir/Drivers/STM32F1xx_HAL_Driver/Src/stm32f1xx_hal_rcc_ex.c.obj
 .debug_info    0x0000a7a0     0x1d70 CMakeFiles/c6t6-lm5116.elf.dir/Drivers/STM32F1xx_HAL_Driver/Src/stm32f1xx_hal_spi.c.obj
 .debug_info    0x0000c510     0x1c8b CMakeFiles/c6t6-lm5116.elf.dir/Drivers/STM32F1xx_HAL_Driver/Src/stm32f1xx_hal_uart.c.obj

.debug_abbrev   0x00000000     0x2cc6
 .debug_abbrev  0x00000000      0x1dd CMakeFiles/c6t6-lm5116.elf.dir/Core/Src/adc.c.obj
 .debug_abbrev  0x000001dd       0xc6 CMakeFiles/c6t6-lm5116.elf.dir/Core/Src/data_type_conversion.c.obj
 .debug_abbrev  0x000002a3       0xed CMakeFiles/c6t6-lm5116.elf.dir/Core/Src/delay.c.obj
 .debug_abbrev  0x00000390      0x114 CMakeFiles/c6t6-lm5116.elf.dir/Core/Src/dma.c.obj
 .debug_abbrev  0x000004a4      0x1f7 CMakeFiles/c6t6-lm5116.elf.dir/Core/Src/filter.c.obj
 .debug_abbrev  0x0000069b      0x13c CMakeFiles/c6t6-lm5116.elf.dir/Core/Src/gpio.c.obj
 .debug_abbrev  0x000007d7      0x154 CMakeFiles/c6t6-lm5116.elf.dir/Core/Src/iic.c.obj
 .debug_abbrev  0x0000092b      0x116 CMakeFiles/c6t6-lm5116.elf.dir/Core/Src/key.c.obj
 .debug_abbrev  0x00000a41      0x222 CMakeFiles/c6t6-lm5116.elf.dir/Core/Src/main.c.obj
 .debug_abbrev  0x00000c63      0x19e CMakeFiles/c6t6-lm5116.elf.dir/Core/Src/mcp41100.c.obj
 .debug_abbrev  0x00000e01      0x126 CMakeFiles/c6t6-lm5116.elf.dir/Core/Src/oled.c.obj
 .debug_abbrev  0x00000f27      0x1c1 CMakeFiles/c6t6-lm5116.elf.dir/Core/Src/spi.c.obj
 .debug_abbrev  0x000010e8       0xe5 CMakeFiles/c6t6-lm5116.elf.dir/Core/Src/stm32f1xx_hal_msp.c.obj
 .debug_abbrev  0x000011cd      0x165 CMakeFiles/c6t6-lm5116.elf.dir/Core/Src/stm32f1xx_it.c.obj
 .debug_abbrev  0x00001332      0x13e CMakeFiles/c6t6-lm5116.elf.dir/Core/Src/system_stm32f1xx.c.obj
 .debug_abbrev  0x00001470      0x1e7 CMakeFiles/c6t6-lm5116.elf.dir/Core/Src/usart.c.obj
 .debug_abbrev  0x00001657       0x12 CMakeFiles/c6t6-lm5116.elf.dir/Core/Startup/startup_stm32f103c6tx.s.obj
 .debug_abbrev  0x00001669      0x1f4 CMakeFiles/c6t6-lm5116.elf.dir/Drivers/STM32F1xx_HAL_Driver/Src/stm32f1xx_hal.c.obj
 .debug_abbrev  0x0000185d      0x1fc CMakeFiles/c6t6-lm5116.elf.dir/Drivers/STM32F1xx_HAL_Driver/Src/stm32f1xx_hal_adc.c.obj
 .debug_abbrev  0x00001a59      0x248 CMakeFiles/c6t6-lm5116.elf.dir/Drivers/STM32F1xx_HAL_Driver/Src/stm32f1xx_hal_adc_ex.c.obj
 .debug_abbrev  0x00001ca1      0x341 CMakeFiles/c6t6-lm5116.elf.dir/Drivers/STM32F1xx_HAL_Driver/Src/stm32f1xx_hal_cortex.c.obj
 .debug_abbrev  0x00001fe2      0x223 CMakeFiles/c6t6-lm5116.elf.dir/Drivers/STM32F1xx_HAL_Driver/Src/stm32f1xx_hal_dma.c.obj
 .debug_abbrev  0x00002205      0x1e6 CMakeFiles/c6t6-lm5116.elf.dir/Drivers/STM32F1xx_HAL_Driver/Src/stm32f1xx_hal_gpio.c.obj
 .debug_abbrev  0x000023eb      0x27a CMakeFiles/c6t6-lm5116.elf.dir/Drivers/STM32F1xx_HAL_Driver/Src/stm32f1xx_hal_rcc.c.obj
 .debug_abbrev  0x00002665      0x1d2 CMakeFiles/c6t6-lm5116.elf.dir/Drivers/STM32F1xx_HAL_Driver/Src/stm32f1xx_hal_rcc_ex.c.obj
 .debug_abbrev  0x00002837      0x23b CMakeFiles/c6t6-lm5116.elf.dir/Drivers/STM32F1xx_HAL_Driver/Src/stm32f1xx_hal_spi.c.obj
 .debug_abbrev  0x00002a72      0x254 CMakeFiles/c6t6-lm5116.elf.dir/Drivers/STM32F1xx_HAL_Driver/Src/stm32f1xx_hal_uart.c.obj

.debug_loc      0x00000000     0x7a0e
 .debug_loc     0x00000000       0x71 CMakeFiles/c6t6-lm5116.elf.dir/Core/Src/adc.c.obj
 .debug_loc     0x00000071      0x15f CMakeFiles/c6t6-lm5116.elf.dir/Core/Src/data_type_conversion.c.obj
 .debug_loc     0x000001d0       0xea CMakeFiles/c6t6-lm5116.elf.dir/Core/Src/delay.c.obj
 .debug_loc     0x000002ba      0x11d CMakeFiles/c6t6-lm5116.elf.dir/Core/Src/filter.c.obj
 .debug_loc     0x000003d7       0xd4 CMakeFiles/c6t6-lm5116.elf.dir/Core/Src/iic.c.obj
 .debug_loc     0x000004ab       0x85 CMakeFiles/c6t6-lm5116.elf.dir/Core/Src/key.c.obj
 .debug_loc     0x00000530       0x30 CMakeFiles/c6t6-lm5116.elf.dir/Core/Src/main.c.obj
 .debug_loc     0x00000560       0x46 CMakeFiles/c6t6-lm5116.elf.dir/Core/Src/mcp41100.c.obj
 .debug_loc     0x000005a6      0x363 CMakeFiles/c6t6-lm5116.elf.dir/Core/Src/oled.c.obj
 .debug_loc     0x00000909       0x84 CMakeFiles/c6t6-lm5116.elf.dir/Core/Src/spi.c.obj
 .debug_loc     0x0000098d       0x15 CMakeFiles/c6t6-lm5116.elf.dir/Core/Src/stm32f1xx_hal_msp.c.obj
 .debug_loc     0x000009a2       0xff CMakeFiles/c6t6-lm5116.elf.dir/Core/Src/system_stm32f1xx.c.obj
 .debug_loc     0x00000aa1       0xb9 CMakeFiles/c6t6-lm5116.elf.dir/Core/Src/usart.c.obj
 .debug_loc     0x00000b5a      0x141 CMakeFiles/c6t6-lm5116.elf.dir/Drivers/STM32F1xx_HAL_Driver/Src/stm32f1xx_hal.c.obj
 .debug_loc     0x00000c9b      0xad9 CMakeFiles/c6t6-lm5116.elf.dir/Drivers/STM32F1xx_HAL_Driver/Src/stm32f1xx_hal_adc.c.obj
 .debug_loc     0x00001774      0x801 CMakeFiles/c6t6-lm5116.elf.dir/Drivers/STM32F1xx_HAL_Driver/Src/stm32f1xx_hal_adc_ex.c.obj
 .debug_loc     0x00001f75      0x71f CMakeFiles/c6t6-lm5116.elf.dir/Drivers/STM32F1xx_HAL_Driver/Src/stm32f1xx_hal_cortex.c.obj
 .debug_loc     0x00002694      0x7d1 CMakeFiles/c6t6-lm5116.elf.dir/Drivers/STM32F1xx_HAL_Driver/Src/stm32f1xx_hal_dma.c.obj
 .debug_loc     0x00002e65      0x43d CMakeFiles/c6t6-lm5116.elf.dir/Drivers/STM32F1xx_HAL_Driver/Src/stm32f1xx_hal_gpio.c.obj
 .debug_loc     0x000032a2      0x61d CMakeFiles/c6t6-lm5116.elf.dir/Drivers/STM32F1xx_HAL_Driver/Src/stm32f1xx_hal_rcc.c.obj
 .debug_loc     0x000038bf      0x3ca CMakeFiles/c6t6-lm5116.elf.dir/Drivers/STM32F1xx_HAL_Driver/Src/stm32f1xx_hal_rcc_ex.c.obj
 .debug_loc     0x00003c89     0x1d4e CMakeFiles/c6t6-lm5116.elf.dir/Drivers/STM32F1xx_HAL_Driver/Src/stm32f1xx_hal_spi.c.obj
 .debug_loc     0x000059d7     0x2037 CMakeFiles/c6t6-lm5116.elf.dir/Drivers/STM32F1xx_HAL_Driver/Src/stm32f1xx_hal_uart.c.obj

.debug_aranges  0x00000000      0xb68
 .debug_aranges
                0x00000000       0x30 CMakeFiles/c6t6-lm5116.elf.dir/Core/Src/adc.c.obj
 .debug_aranges
                0x00000030       0x20 CMakeFiles/c6t6-lm5116.elf.dir/Core/Src/data_type_conversion.c.obj
 .debug_aranges
                0x00000050       0x20 CMakeFiles/c6t6-lm5116.elf.dir/Core/Src/delay.c.obj
 .debug_aranges
                0x00000070       0x20 CMakeFiles/c6t6-lm5116.elf.dir/Core/Src/dma.c.obj
 .debug_aranges
                0x00000090       0x28 CMakeFiles/c6t6-lm5116.elf.dir/Core/Src/filter.c.obj
 .debug_aranges
                0x000000b8       0x20 CMakeFiles/c6t6-lm5116.elf.dir/Core/Src/gpio.c.obj
 .debug_aranges
                0x000000d8       0x40 CMakeFiles/c6t6-lm5116.elf.dir/Core/Src/iic.c.obj
 .debug_aranges
                0x00000118       0x20 CMakeFiles/c6t6-lm5116.elf.dir/Core/Src/key.c.obj
 .debug_aranges
                0x00000138       0x30 CMakeFiles/c6t6-lm5116.elf.dir/Core/Src/main.c.obj
 .debug_aranges
                0x00000168       0x20 CMakeFiles/c6t6-lm5116.elf.dir/Core/Src/mcp41100.c.obj
 .debug_aranges
                0x00000188       0x58 CMakeFiles/c6t6-lm5116.elf.dir/Core/Src/oled.c.obj
 .debug_aranges
                0x000001e0       0x30 CMakeFiles/c6t6-lm5116.elf.dir/Core/Src/spi.c.obj
 .debug_aranges
                0x00000210       0x20 CMakeFiles/c6t6-lm5116.elf.dir/Core/Src/stm32f1xx_hal_msp.c.obj
 .debug_aranges
                0x00000230       0x70 CMakeFiles/c6t6-lm5116.elf.dir/Core/Src/stm32f1xx_it.c.obj
 .debug_aranges
                0x000002a0       0x28 CMakeFiles/c6t6-lm5116.elf.dir/Core/Src/system_stm32f1xx.c.obj
 .debug_aranges
                0x000002c8       0x30 CMakeFiles/c6t6-lm5116.elf.dir/Core/Src/usart.c.obj
 .debug_aranges
                0x000002f8       0x28 CMakeFiles/c6t6-lm5116.elf.dir/Core/Startup/startup_stm32f103c6tx.s.obj
 .debug_aranges
                0x00000320       0xe0 CMakeFiles/c6t6-lm5116.elf.dir/Drivers/STM32F1xx_HAL_Driver/Src/stm32f1xx_hal.c.obj
 .debug_aranges
                0x00000400       0xf0 CMakeFiles/c6t6-lm5116.elf.dir/Drivers/STM32F1xx_HAL_Driver/Src/stm32f1xx_hal_adc.c.obj
 .debug_aranges
                0x000004f0       0x80 CMakeFiles/c6t6-lm5116.elf.dir/Drivers/STM32F1xx_HAL_Driver/Src/stm32f1xx_hal_adc_ex.c.obj
 .debug_aranges
                0x00000570       0x90 CMakeFiles/c6t6-lm5116.elf.dir/Drivers/STM32F1xx_HAL_Driver/Src/stm32f1xx_hal_cortex.c.obj
 .debug_aranges
                0x00000600       0x80 CMakeFiles/c6t6-lm5116.elf.dir/Drivers/STM32F1xx_HAL_Driver/Src/stm32f1xx_hal_dma.c.obj
 .debug_aranges
                0x00000680       0x58 CMakeFiles/c6t6-lm5116.elf.dir/Drivers/STM32F1xx_HAL_Driver/Src/stm32f1xx_hal_gpio.c.obj
 .debug_aranges
                0x000006d8       0x90 CMakeFiles/c6t6-lm5116.elf.dir/Drivers/STM32F1xx_HAL_Driver/Src/stm32f1xx_hal_rcc.c.obj
 .debug_aranges
                0x00000768       0x30 CMakeFiles/c6t6-lm5116.elf.dir/Drivers/STM32F1xx_HAL_Driver/Src/stm32f1xx_hal_rcc_ex.c.obj
 .debug_aranges
                0x00000798      0x1d0 CMakeFiles/c6t6-lm5116.elf.dir/Drivers/STM32F1xx_HAL_Driver/Src/stm32f1xx_hal_spi.c.obj
 .debug_aranges
                0x00000968      0x200 CMakeFiles/c6t6-lm5116.elf.dir/Drivers/STM32F1xx_HAL_Driver/Src/stm32f1xx_hal_uart.c.obj

.debug_ranges   0x00000000      0xa88
 .debug_ranges  0x00000000       0x20 CMakeFiles/c6t6-lm5116.elf.dir/Core/Src/adc.c.obj
 .debug_ranges  0x00000020       0x10 CMakeFiles/c6t6-lm5116.elf.dir/Core/Src/data_type_conversion.c.obj
 .debug_ranges  0x00000030       0x10 CMakeFiles/c6t6-lm5116.elf.dir/Core/Src/delay.c.obj
 .debug_ranges  0x00000040       0x10 CMakeFiles/c6t6-lm5116.elf.dir/Core/Src/dma.c.obj
 .debug_ranges  0x00000050       0x48 CMakeFiles/c6t6-lm5116.elf.dir/Core/Src/filter.c.obj
 .debug_ranges  0x00000098       0x10 CMakeFiles/c6t6-lm5116.elf.dir/Core/Src/gpio.c.obj
 .debug_ranges  0x000000a8       0x30 CMakeFiles/c6t6-lm5116.elf.dir/Core/Src/iic.c.obj
 .debug_ranges  0x000000d8       0x10 CMakeFiles/c6t6-lm5116.elf.dir/Core/Src/key.c.obj
 .debug_ranges  0x000000e8       0x20 CMakeFiles/c6t6-lm5116.elf.dir/Core/Src/main.c.obj
 .debug_ranges  0x00000108       0x10 CMakeFiles/c6t6-lm5116.elf.dir/Core/Src/mcp41100.c.obj
 .debug_ranges  0x00000118       0x48 CMakeFiles/c6t6-lm5116.elf.dir/Core/Src/oled.c.obj
 .debug_ranges  0x00000160       0x20 CMakeFiles/c6t6-lm5116.elf.dir/Core/Src/spi.c.obj
 .debug_ranges  0x00000180       0x10 CMakeFiles/c6t6-lm5116.elf.dir/Core/Src/stm32f1xx_hal_msp.c.obj
 .debug_ranges  0x00000190       0x60 CMakeFiles/c6t6-lm5116.elf.dir/Core/Src/stm32f1xx_it.c.obj
 .debug_ranges  0x000001f0       0x18 CMakeFiles/c6t6-lm5116.elf.dir/Core/Src/system_stm32f1xx.c.obj
 .debug_ranges  0x00000208       0x20 CMakeFiles/c6t6-lm5116.elf.dir/Core/Src/usart.c.obj
 .debug_ranges  0x00000228       0x20 CMakeFiles/c6t6-lm5116.elf.dir/Core/Startup/startup_stm32f103c6tx.s.obj
 .debug_ranges  0x00000248       0xd0 CMakeFiles/c6t6-lm5116.elf.dir/Drivers/STM32F1xx_HAL_Driver/Src/stm32f1xx_hal.c.obj
 .debug_ranges  0x00000318       0xe0 CMakeFiles/c6t6-lm5116.elf.dir/Drivers/STM32F1xx_HAL_Driver/Src/stm32f1xx_hal_adc.c.obj
 .debug_ranges  0x000003f8       0x70 CMakeFiles/c6t6-lm5116.elf.dir/Drivers/STM32F1xx_HAL_Driver/Src/stm32f1xx_hal_adc_ex.c.obj
 .debug_ranges  0x00000468       0xe0 CMakeFiles/c6t6-lm5116.elf.dir/Drivers/STM32F1xx_HAL_Driver/Src/stm32f1xx_hal_cortex.c.obj
 .debug_ranges  0x00000548       0x70 CMakeFiles/c6t6-lm5116.elf.dir/Drivers/STM32F1xx_HAL_Driver/Src/stm32f1xx_hal_dma.c.obj
 .debug_ranges  0x000005b8       0x48 CMakeFiles/c6t6-lm5116.elf.dir/Drivers/STM32F1xx_HAL_Driver/Src/stm32f1xx_hal_gpio.c.obj
 .debug_ranges  0x00000600       0xa0 CMakeFiles/c6t6-lm5116.elf.dir/Drivers/STM32F1xx_HAL_Driver/Src/stm32f1xx_hal_rcc.c.obj
 .debug_ranges  0x000006a0       0x38 CMakeFiles/c6t6-lm5116.elf.dir/Drivers/STM32F1xx_HAL_Driver/Src/stm32f1xx_hal_rcc_ex.c.obj
 .debug_ranges  0x000006d8      0x1c0 CMakeFiles/c6t6-lm5116.elf.dir/Drivers/STM32F1xx_HAL_Driver/Src/stm32f1xx_hal_spi.c.obj
 .debug_ranges  0x00000898      0x1f0 CMakeFiles/c6t6-lm5116.elf.dir/Drivers/STM32F1xx_HAL_Driver/Src/stm32f1xx_hal_uart.c.obj

.debug_line     0x00000000     0xb6fc
 .debug_line    0x00000000      0x38d CMakeFiles/c6t6-lm5116.elf.dir/Core/Src/adc.c.obj
 .debug_line    0x0000038d      0x1a3 CMakeFiles/c6t6-lm5116.elf.dir/Core/Src/data_type_conversion.c.obj
 .debug_line    0x00000530      0x1f0 CMakeFiles/c6t6-lm5116.elf.dir/Core/Src/delay.c.obj
 .debug_line    0x00000720      0x19e CMakeFiles/c6t6-lm5116.elf.dir/Core/Src/dma.c.obj
 .debug_line    0x000008be      0x2f8 CMakeFiles/c6t6-lm5116.elf.dir/Core/Src/filter.c.obj
 .debug_line    0x00000bb6      0x20c CMakeFiles/c6t6-lm5116.elf.dir/Core/Src/gpio.c.obj
 .debug_line    0x00000dc2      0x322 CMakeFiles/c6t6-lm5116.elf.dir/Core/Src/iic.c.obj
 .debug_line    0x000010e4      0x288 CMakeFiles/c6t6-lm5116.elf.dir/Core/Src/key.c.obj
 .debug_line    0x0000136c      0x463 CMakeFiles/c6t6-lm5116.elf.dir/Core/Src/main.c.obj
 .debug_line    0x000017cf      0x22d CMakeFiles/c6t6-lm5116.elf.dir/Core/Src/mcp41100.c.obj
 .debug_line    0x000019fc      0x34b CMakeFiles/c6t6-lm5116.elf.dir/Core/Src/oled.c.obj
 .debug_line    0x00001d47      0x32a CMakeFiles/c6t6-lm5116.elf.dir/Core/Src/spi.c.obj
 .debug_line    0x00002071      0x15e CMakeFiles/c6t6-lm5116.elf.dir/Core/Src/stm32f1xx_hal_msp.c.obj
 .debug_line    0x000021cf      0x312 CMakeFiles/c6t6-lm5116.elf.dir/Core/Src/stm32f1xx_it.c.obj
 .debug_line    0x000024e1      0x228 CMakeFiles/c6t6-lm5116.elf.dir/Core/Src/system_stm32f1xx.c.obj
 .debug_line    0x00002709      0x318 CMakeFiles/c6t6-lm5116.elf.dir/Core/Src/usart.c.obj
 .debug_line    0x00002a21       0xa1 CMakeFiles/c6t6-lm5116.elf.dir/Core/Startup/startup_stm32f103c6tx.s.obj
 .debug_line    0x00002ac2      0x54a CMakeFiles/c6t6-lm5116.elf.dir/Drivers/STM32F1xx_HAL_Driver/Src/stm32f1xx_hal.c.obj
 .debug_line    0x0000300c      0xeeb CMakeFiles/c6t6-lm5116.elf.dir/Drivers/STM32F1xx_HAL_Driver/Src/stm32f1xx_hal_adc.c.obj
 .debug_line    0x00003ef7      0xbc1 CMakeFiles/c6t6-lm5116.elf.dir/Drivers/STM32F1xx_HAL_Driver/Src/stm32f1xx_hal_adc_ex.c.obj
 .debug_line    0x00004ab8      0x638 CMakeFiles/c6t6-lm5116.elf.dir/Drivers/STM32F1xx_HAL_Driver/Src/stm32f1xx_hal_cortex.c.obj
 .debug_line    0x000050f0      0xa52 CMakeFiles/c6t6-lm5116.elf.dir/Drivers/STM32F1xx_HAL_Driver/Src/stm32f1xx_hal_dma.c.obj
 .debug_line    0x00005b42      0x5cb CMakeFiles/c6t6-lm5116.elf.dir/Drivers/STM32F1xx_HAL_Driver/Src/stm32f1xx_hal_gpio.c.obj
 .debug_line    0x0000610d      0xc2f CMakeFiles/c6t6-lm5116.elf.dir/Drivers/STM32F1xx_HAL_Driver/Src/stm32f1xx_hal_rcc.c.obj
 .debug_line    0x00006d3c      0x49d CMakeFiles/c6t6-lm5116.elf.dir/Drivers/STM32F1xx_HAL_Driver/Src/stm32f1xx_hal_rcc_ex.c.obj
 .debug_line    0x000071d9     0x2469 CMakeFiles/c6t6-lm5116.elf.dir/Drivers/STM32F1xx_HAL_Driver/Src/stm32f1xx_hal_spi.c.obj
 .debug_line    0x00009642     0x20ba CMakeFiles/c6t6-lm5116.elf.dir/Drivers/STM32F1xx_HAL_Driver/Src/stm32f1xx_hal_uart.c.obj

.debug_str      0x00000000     0x3309
 .debug_str     0x00000000      0x88c CMakeFiles/c6t6-lm5116.elf.dir/Core/Src/adc.c.obj
                                0x954 (size before relaxing)
 .debug_str     0x0000088c       0x7d CMakeFiles/c6t6-lm5116.elf.dir/Core/Src/data_type_conversion.c.obj
                                0x188 (size before relaxing)
 .debug_str     0x00000909       0x9d CMakeFiles/c6t6-lm5116.elf.dir/Core/Src/delay.c.obj
                                0x23a (size before relaxing)
 .debug_str     0x000009a6       0x38 CMakeFiles/c6t6-lm5116.elf.dir/Core/Src/dma.c.obj
                                0x4de (size before relaxing)
 .debug_str     0x000009de       0xd1 CMakeFiles/c6t6-lm5116.elf.dir/Core/Src/filter.c.obj
                                0x5a2 (size before relaxing)
 .debug_str     0x00000aaf       0x68 CMakeFiles/c6t6-lm5116.elf.dir/Core/Src/gpio.c.obj
                                0x2b5 (size before relaxing)
 .debug_str     0x00000b17       0x78 CMakeFiles/c6t6-lm5116.elf.dir/Core/Src/iic.c.obj
                                0x281 (size before relaxing)
 .debug_str     0x00000b8f       0x40 CMakeFiles/c6t6-lm5116.elf.dir/Core/Src/key.c.obj
                                0x24c (size before relaxing)
 .debug_str     0x00000bcf      0x491 CMakeFiles/c6t6-lm5116.elf.dir/Core/Src/main.c.obj
                                0xa41 (size before relaxing)
 .debug_str     0x00001060      0x1d1 CMakeFiles/c6t6-lm5116.elf.dir/Core/Src/mcp41100.c.obj
                                0x636 (size before relaxing)
 .debug_str     0x00001231       0x84 CMakeFiles/c6t6-lm5116.elf.dir/Core/Src/oled.c.obj
                                0x2a1 (size before relaxing)
 .debug_str     0x000012b5       0x65 CMakeFiles/c6t6-lm5116.elf.dir/Core/Src/spi.c.obj
                                0x6c3 (size before relaxing)
 .debug_str     0x0000131a       0x74 CMakeFiles/c6t6-lm5116.elf.dir/Core/Src/stm32f1xx_hal_msp.c.obj
                                0x257 (size before relaxing)
 .debug_str     0x0000138e      0x122 CMakeFiles/c6t6-lm5116.elf.dir/Core/Src/stm32f1xx_it.c.obj
                                0x5d3 (size before relaxing)
 .debug_str     0x000014b0       0x88 CMakeFiles/c6t6-lm5116.elf.dir/Core/Src/system_stm32f1xx.c.obj
                                0x28c (size before relaxing)
 .debug_str     0x00001538       0x6b CMakeFiles/c6t6-lm5116.elf.dir/Core/Src/usart.c.obj
                                0x6fe (size before relaxing)
 .debug_str     0x000015a3       0x50 CMakeFiles/c6t6-lm5116.elf.dir/Core/Startup/startup_stm32f103c6tx.s.obj
                                 0x85 (size before relaxing)
 .debug_str     0x000015f3      0x2f7 CMakeFiles/c6t6-lm5116.elf.dir/Drivers/STM32F1xx_HAL_Driver/Src/stm32f1xx_hal.c.obj
                                0x822 (size before relaxing)
 .debug_str     0x000018ea      0x303 CMakeFiles/c6t6-lm5116.elf.dir/Drivers/STM32F1xx_HAL_Driver/Src/stm32f1xx_hal_adc.c.obj
                                0x90b (size before relaxing)
 .debug_str     0x00001bed      0x28f CMakeFiles/c6t6-lm5116.elf.dir/Drivers/STM32F1xx_HAL_Driver/Src/stm32f1xx_hal_adc_ex.c.obj
                                0x8c4 (size before relaxing)
 .debug_str     0x00001e7c      0x3b8 CMakeFiles/c6t6-lm5116.elf.dir/Drivers/STM32F1xx_HAL_Driver/Src/stm32f1xx_hal_cortex.c.obj
                                0x8d1 (size before relaxing)
 .debug_str     0x00002234      0x20b CMakeFiles/c6t6-lm5116.elf.dir/Drivers/STM32F1xx_HAL_Driver/Src/stm32f1xx_hal_dma.c.obj
                                0x635 (size before relaxing)
 .debug_str     0x0000243f      0x11e CMakeFiles/c6t6-lm5116.elf.dir/Drivers/STM32F1xx_HAL_Driver/Src/stm32f1xx_hal_gpio.c.obj
                                0x438 (size before relaxing)
 .debug_str     0x0000255d      0x1ff CMakeFiles/c6t6-lm5116.elf.dir/Drivers/STM32F1xx_HAL_Driver/Src/stm32f1xx_hal_rcc.c.obj
                                0x663 (size before relaxing)
 .debug_str     0x0000275c       0x9e CMakeFiles/c6t6-lm5116.elf.dir/Drivers/STM32F1xx_HAL_Driver/Src/stm32f1xx_hal_rcc_ex.c.obj
                                0x40b (size before relaxing)
 .debug_str     0x000027fa      0x52b CMakeFiles/c6t6-lm5116.elf.dir/Drivers/STM32F1xx_HAL_Driver/Src/stm32f1xx_hal_spi.c.obj
                                0xb9f (size before relaxing)
 .debug_str     0x00002d25      0x5e4 CMakeFiles/c6t6-lm5116.elf.dir/Drivers/STM32F1xx_HAL_Driver/Src/stm32f1xx_hal_uart.c.obj
                                0xcc6 (size before relaxing)

.comment        0x00000000       0x49
 .comment       0x00000000       0x49 CMakeFiles/c6t6-lm5116.elf.dir/Core/Src/adc.c.obj
                                 0x4a (size before relaxing)
 .comment       0x00000049       0x4a CMakeFiles/c6t6-lm5116.elf.dir/Core/Src/data_type_conversion.c.obj
 .comment       0x00000049       0x4a CMakeFiles/c6t6-lm5116.elf.dir/Core/Src/delay.c.obj
 .comment       0x00000049       0x4a CMakeFiles/c6t6-lm5116.elf.dir/Core/Src/dma.c.obj
 .comment       0x00000049       0x4a CMakeFiles/c6t6-lm5116.elf.dir/Core/Src/filter.c.obj
 .comment       0x00000049       0x4a CMakeFiles/c6t6-lm5116.elf.dir/Core/Src/gpio.c.obj
 .comment       0x00000049       0x4a CMakeFiles/c6t6-lm5116.elf.dir/Core/Src/iic.c.obj
 .comment       0x00000049       0x4a CMakeFiles/c6t6-lm5116.elf.dir/Core/Src/key.c.obj
 .comment       0x00000049       0x4a CMakeFiles/c6t6-lm5116.elf.dir/Core/Src/main.c.obj
 .comment       0x00000049       0x4a CMakeFiles/c6t6-lm5116.elf.dir/Core/Src/mcp41100.c.obj
 .comment       0x00000049       0x4a CMakeFiles/c6t6-lm5116.elf.dir/Core/Src/oled.c.obj
 .comment       0x00000049       0x4a CMakeFiles/c6t6-lm5116.elf.dir/Core/Src/spi.c.obj
 .comment       0x00000049       0x4a CMakeFiles/c6t6-lm5116.elf.dir/Core/Src/stm32f1xx_hal_msp.c.obj
 .comment       0x00000049       0x4a CMakeFiles/c6t6-lm5116.elf.dir/Core/Src/stm32f1xx_it.c.obj
 .comment       0x00000049       0x4a CMakeFiles/c6t6-lm5116.elf.dir/Core/Src/system_stm32f1xx.c.obj
 .comment       0x00000049       0x4a CMakeFiles/c6t6-lm5116.elf.dir/Core/Src/usart.c.obj
 .comment       0x00000049       0x4a CMakeFiles/c6t6-lm5116.elf.dir/Drivers/STM32F1xx_HAL_Driver/Src/stm32f1xx_hal.c.obj
 .comment       0x00000049       0x4a CMakeFiles/c6t6-lm5116.elf.dir/Drivers/STM32F1xx_HAL_Driver/Src/stm32f1xx_hal_adc.c.obj
 .comment       0x00000049       0x4a CMakeFiles/c6t6-lm5116.elf.dir/Drivers/STM32F1xx_HAL_Driver/Src/stm32f1xx_hal_adc_ex.c.obj
 .comment       0x00000049       0x4a CMakeFiles/c6t6-lm5116.elf.dir/Drivers/STM32F1xx_HAL_Driver/Src/stm32f1xx_hal_cortex.c.obj
 .comment       0x00000049       0x4a CMakeFiles/c6t6-lm5116.elf.dir/Drivers/STM32F1xx_HAL_Driver/Src/stm32f1xx_hal_dma.c.obj
 .comment       0x00000049       0x4a CMakeFiles/c6t6-lm5116.elf.dir/Drivers/STM32F1xx_HAL_Driver/Src/stm32f1xx_hal_gpio.c.obj
 .comment       0x00000049       0x4a CMakeFiles/c6t6-lm5116.elf.dir/Drivers/STM32F1xx_HAL_Driver/Src/stm32f1xx_hal_rcc.c.obj
 .comment       0x00000049       0x4a CMakeFiles/c6t6-lm5116.elf.dir/Drivers/STM32F1xx_HAL_Driver/Src/stm32f1xx_hal_rcc_ex.c.obj
 .comment       0x00000049       0x4a CMakeFiles/c6t6-lm5116.elf.dir/Drivers/STM32F1xx_HAL_Driver/Src/stm32f1xx_hal_spi.c.obj
 .comment       0x00000049       0x4a CMakeFiles/c6t6-lm5116.elf.dir/Drivers/STM32F1xx_HAL_Driver/Src/stm32f1xx_hal_uart.c.obj

.debug_frame    0x00000000     0x1fb8
 .debug_frame   0x00000000       0x68 CMakeFiles/c6t6-lm5116.elf.dir/Core/Src/adc.c.obj
 .debug_frame   0x00000068       0x34 CMakeFiles/c6t6-lm5116.elf.dir/Core/Src/data_type_conversion.c.obj
 .debug_frame   0x0000009c       0x2c CMakeFiles/c6t6-lm5116.elf.dir/Core/Src/delay.c.obj
 .debug_frame   0x000000c8       0x2c CMakeFiles/c6t6-lm5116.elf.dir/Core/Src/dma.c.obj
 .debug_frame   0x000000f4       0x48 CMakeFiles/c6t6-lm5116.elf.dir/Core/Src/filter.c.obj
 .debug_frame   0x0000013c       0x38 CMakeFiles/c6t6-lm5116.elf.dir/Core/Src/gpio.c.obj
 .debug_frame   0x00000174       0x94 CMakeFiles/c6t6-lm5116.elf.dir/Core/Src/iic.c.obj
 .debug_frame   0x00000208       0x28 CMakeFiles/c6t6-lm5116.elf.dir/Core/Src/key.c.obj
 .debug_frame   0x00000230       0x5c CMakeFiles/c6t6-lm5116.elf.dir/Core/Src/main.c.obj
 .debug_frame   0x0000028c       0x30 CMakeFiles/c6t6-lm5116.elf.dir/Core/Src/mcp41100.c.obj
 .debug_frame   0x000002bc       0xec CMakeFiles/c6t6-lm5116.elf.dir/Core/Src/oled.c.obj
 .debug_frame   0x000003a8       0x60 CMakeFiles/c6t6-lm5116.elf.dir/Core/Src/spi.c.obj
 .debug_frame   0x00000408       0x28 CMakeFiles/c6t6-lm5116.elf.dir/Core/Src/stm32f1xx_hal_msp.c.obj
 .debug_frame   0x00000430       0xd8 CMakeFiles/c6t6-lm5116.elf.dir/Core/Src/stm32f1xx_it.c.obj
 .debug_frame   0x00000508       0x30 CMakeFiles/c6t6-lm5116.elf.dir/Core/Src/system_stm32f1xx.c.obj
 .debug_frame   0x00000538       0x60 CMakeFiles/c6t6-lm5116.elf.dir/Core/Src/usart.c.obj
 .debug_frame   0x00000598      0x1cc CMakeFiles/c6t6-lm5116.elf.dir/Drivers/STM32F1xx_HAL_Driver/Src/stm32f1xx_hal.c.obj
 .debug_frame   0x00000764      0x2c4 CMakeFiles/c6t6-lm5116.elf.dir/Drivers/STM32F1xx_HAL_Driver/Src/stm32f1xx_hal_adc.c.obj
 .debug_frame   0x00000a28      0x19c CMakeFiles/c6t6-lm5116.elf.dir/Drivers/STM32F1xx_HAL_Driver/Src/stm32f1xx_hal_adc_ex.c.obj
 .debug_frame   0x00000bc4      0x118 CMakeFiles/c6t6-lm5116.elf.dir/Drivers/STM32F1xx_HAL_Driver/Src/stm32f1xx_hal_cortex.c.obj
 .debug_frame   0x00000cdc      0x144 CMakeFiles/c6t6-lm5116.elf.dir/Drivers/STM32F1xx_HAL_Driver/Src/stm32f1xx_hal_dma.c.obj
 .debug_frame   0x00000e20       0xe4 CMakeFiles/c6t6-lm5116.elf.dir/Drivers/STM32F1xx_HAL_Driver/Src/stm32f1xx_hal_gpio.c.obj
 .debug_frame   0x00000f04      0x18c CMakeFiles/c6t6-lm5116.elf.dir/Drivers/STM32F1xx_HAL_Driver/Src/stm32f1xx_hal_rcc.c.obj
 .debug_frame   0x00001090       0x64 CMakeFiles/c6t6-lm5116.elf.dir/Drivers/STM32F1xx_HAL_Driver/Src/stm32f1xx_hal_rcc_ex.c.obj
 .debug_frame   0x000010f4      0x5a4 CMakeFiles/c6t6-lm5116.elf.dir/Drivers/STM32F1xx_HAL_Driver/Src/stm32f1xx_hal_spi.c.obj
 .debug_frame   0x00001698      0x5c4 CMakeFiles/c6t6-lm5116.elf.dir/Drivers/STM32F1xx_HAL_Driver/Src/stm32f1xx_hal_uart.c.obj
 .debug_frame   0x00001c5c       0x4c d:/gcc-arm-none-eabi/bin/../lib/gcc/arm-none-eabi/10.3.1/thumb/v7-m/nofp\libgcc.a(_arm_addsubsf3.o)
 .debug_frame   0x00001ca8       0x38 d:/gcc-arm-none-eabi/bin/../lib/gcc/arm-none-eabi/10.3.1/thumb/v7-m/nofp\libgcc.a(_arm_muldivsf3.o)
 .debug_frame   0x00001ce0       0xc8 d:/gcc-arm-none-eabi/bin/../lib/gcc/arm-none-eabi/10.3.1/thumb/v7-m/nofp\libgcc.a(_arm_cmpsf2.o)
 .debug_frame   0x00001da8       0x24 d:/gcc-arm-none-eabi/bin/../lib/gcc/arm-none-eabi/10.3.1/thumb/v7-m/nofp\libgcc.a(_arm_fixsfsi.o)
 .debug_frame   0x00001dcc       0x2c d:/gcc-arm-none-eabi/bin/../lib/gcc/arm-none-eabi/10.3.1/../../../../arm-none-eabi/lib/thumb/v7-m/nofp\libg.a(lib_a-init.o)
 .debug_frame   0x00001df8       0x2c d:/gcc-arm-none-eabi/bin/../lib/gcc/arm-none-eabi/10.3.1/../../../../arm-none-eabi/lib/thumb/v7-m/nofp\libg.a(lib_a-memset.o)
 .debug_frame   0x00001e24       0x5c d:/gcc-arm-none-eabi/bin/../lib/gcc/arm-none-eabi/10.3.1/../../../../arm-none-eabi/lib/thumb/v7-m/nofp\libg.a(lib_a-__call_atexit.o)
 .debug_frame   0x00001e80       0x20 d:/gcc-arm-none-eabi/bin/../lib/gcc/arm-none-eabi/10.3.1/../../../../arm-none-eabi/lib/thumb/v7-m/nofp\libg.a(lib_a-atexit.o)
 .debug_frame   0x00001ea0       0x34 d:/gcc-arm-none-eabi/bin/../lib/gcc/arm-none-eabi/10.3.1/../../../../arm-none-eabi/lib/thumb/v7-m/nofp\libg.a(lib_a-fini.o)
 .debug_frame   0x00001ed4       0xb0 d:/gcc-arm-none-eabi/bin/../lib/gcc/arm-none-eabi/10.3.1/../../../../arm-none-eabi/lib/thumb/v7-m/nofp\libg.a(lib_a-lock.o)
 .debug_frame   0x00001f84       0x34 d:/gcc-arm-none-eabi/bin/../lib/gcc/arm-none-eabi/10.3.1/../../../../arm-none-eabi/lib/thumb/v7-m/nofp\libg.a(lib_a-__atexit.o)
